Archive member included to satisfy reference by file (symbol)

/home/bao/tool/gcc-arm-none-eabi-10.3-2021.10-x86_64-linux/gcc-arm-none-eabi-10.3-2021.10//arm-none-eabi/lib/thumb/v7-m/nofp/libc.a(lib_a-atof.o)
                              build_ak-base-kit-stm32l151-application/WString.o (atof)
/home/bao/tool/gcc-arm-none-eabi-10.3-2021.10-x86_64-linux/gcc-arm-none-eabi-10.3-2021.10//arm-none-eabi/lib/thumb/v7-m/nofp/libc.a(lib_a-atol.o)
                              build_ak-base-kit-stm32l151-application/WString.o (atol)
/home/bao/tool/gcc-arm-none-eabi-10.3-2021.10-x86_64-linux/gcc-arm-none-eabi-10.3-2021.10//arm-none-eabi/lib/thumb/v7-m/nofp/libc.a(lib_a-isspace.o)
                              build_ak-base-kit-stm32l151-application/WString.o (isspace)
/home/bao/tool/gcc-arm-none-eabi-10.3-2021.10-x86_64-linux/gcc-arm-none-eabi-10.3-2021.10//arm-none-eabi/lib/thumb/v7-m/nofp/libc.a(lib_a-malloc.o)
                              build_ak-base-kit-stm32l151-application/message.o (malloc)
/home/bao/tool/gcc-arm-none-eabi-10.3-2021.10-x86_64-linux/gcc-arm-none-eabi-10.3-2021.10//arm-none-eabi/lib/thumb/v7-m/nofp/libc.a(lib_a-mallocr.o)
                              /home/bao/tool/gcc-arm-none-eabi-10.3-2021.10-x86_64-linux/gcc-arm-none-eabi-10.3-2021.10//arm-none-eabi/lib/thumb/v7-m/nofp/libc.a(lib_a-malloc.o) (_malloc_r)
/home/bao/tool/gcc-arm-none-eabi-10.3-2021.10-x86_64-linux/gcc-arm-none-eabi-10.3-2021.10//arm-none-eabi/lib/thumb/v7-m/nofp/libc.a(lib_a-memcmp.o)
                              build_ak-base-kit-stm32l151-application/task_fw.o (memcmp)
/home/bao/tool/gcc-arm-none-eabi-10.3-2021.10-x86_64-linux/gcc-arm-none-eabi-10.3-2021.10//arm-none-eabi/lib/thumb/v7-m/nofp/libc.a(lib_a-memcpy.o)
                              build_ak-base-kit-stm32l151-application/message.o (memcpy)
/home/bao/tool/gcc-arm-none-eabi-10.3-2021.10-x86_64-linux/gcc-arm-none-eabi-10.3-2021.10//arm-none-eabi/lib/thumb/v7-m/nofp/libc.a(lib_a-memmove.o)
                              build_ak-base-kit-stm32l151-application/scr_ingame.o (memmove)
/home/bao/tool/gcc-arm-none-eabi-10.3-2021.10-x86_64-linux/gcc-arm-none-eabi-10.3-2021.10//arm-none-eabi/lib/thumb/v7-m/nofp/libc.a(lib_a-memset.o)
                              build_ak-base-kit-stm32l151-application/task.o (memset)
/home/bao/tool/gcc-arm-none-eabi-10.3-2021.10-x86_64-linux/gcc-arm-none-eabi-10.3-2021.10//arm-none-eabi/lib/thumb/v7-m/nofp/libc.a(lib_a-mlock.o)
                              /home/bao/tool/gcc-arm-none-eabi-10.3-2021.10-x86_64-linux/gcc-arm-none-eabi-10.3-2021.10//arm-none-eabi/lib/thumb/v7-m/nofp/libc.a(lib_a-mallocr.o) (__malloc_lock)
/home/bao/tool/gcc-arm-none-eabi-10.3-2021.10-x86_64-linux/gcc-arm-none-eabi-10.3-2021.10//arm-none-eabi/lib/thumb/v7-m/nofp/libc.a(lib_a-rand.o)
                              build_ak-base-kit-stm32l151-application/WMath.o (srand)
/home/bao/tool/gcc-arm-none-eabi-10.3-2021.10-x86_64-linux/gcc-arm-none-eabi-10.3-2021.10//arm-none-eabi/lib/thumb/v7-m/nofp/libc.a(lib_a-realloc.o)
                              build_ak-base-kit-stm32l151-application/WString.o (realloc)
/home/bao/tool/gcc-arm-none-eabi-10.3-2021.10-x86_64-linux/gcc-arm-none-eabi-10.3-2021.10//arm-none-eabi/lib/thumb/v7-m/nofp/libc.a(lib_a-reallocr.o)
                              /home/bao/tool/gcc-arm-none-eabi-10.3-2021.10-x86_64-linux/gcc-arm-none-eabi-10.3-2021.10//arm-none-eabi/lib/thumb/v7-m/nofp/libc.a(lib_a-realloc.o) (_realloc_r)
/home/bao/tool/gcc-arm-none-eabi-10.3-2021.10-x86_64-linux/gcc-arm-none-eabi-10.3-2021.10//arm-none-eabi/lib/thumb/v7-m/nofp/libc.a(lib_a-sbrkr.o)
                              /home/bao/tool/gcc-arm-none-eabi-10.3-2021.10-x86_64-linux/gcc-arm-none-eabi-10.3-2021.10//arm-none-eabi/lib/thumb/v7-m/nofp/libc.a(lib_a-mallocr.o) (_sbrk_r)
/home/bao/tool/gcc-arm-none-eabi-10.3-2021.10-x86_64-linux/gcc-arm-none-eabi-10.3-2021.10//arm-none-eabi/lib/thumb/v7-m/nofp/libc.a(lib_a-strcat.o)
                              build_ak-base-kit-stm32l151-application/dtostrf.o (strcat)
/home/bao/tool/gcc-arm-none-eabi-10.3-2021.10-x86_64-linux/gcc-arm-none-eabi-10.3-2021.10//arm-none-eabi/lib/thumb/v7-m/nofp/libc.a(lib_a-strchr.o)
                              build_ak-base-kit-stm32l151-application/WString.o (strchr)
/home/bao/tool/gcc-arm-none-eabi-10.3-2021.10-x86_64-linux/gcc-arm-none-eabi-10.3-2021.10//arm-none-eabi/lib/thumb/v7-m/nofp/libc.a(lib_a-strcmp.o)
                              build_ak-base-kit-stm32l151-application/cmd_line.o (strcmp)
/home/bao/tool/gcc-arm-none-eabi-10.3-2021.10-x86_64-linux/gcc-arm-none-eabi-10.3-2021.10//arm-none-eabi/lib/thumb/v7-m/nofp/libc.a(lib_a-strcpy.o)
                              build_ak-base-kit-stm32l151-application/sys_dbg.o (strcpy)
/home/bao/tool/gcc-arm-none-eabi-10.3-2021.10-x86_64-linux/gcc-arm-none-eabi-10.3-2021.10//arm-none-eabi/lib/thumb/v7-m/nofp/libc.a(lib_a-strlen-stub.o)
                              build_ak-base-kit-stm32l151-application/xprintf.o (strlen)
[...]
Memory Configuration

Name             Origin             Length             Attributes
BSF              0x0000000008002000 0x0000000000001000 xr
FLASH            0x0000000008003000 0x000000000001d000 xr
SRAM             0x0000000020000000 0x0000000000004000 xrw
*default*        0x0000000000000000 0xffffffffffffffff

Linker script and memory map

                0x0000000000000800                HEAP_SIZE = 0x800

.start_boot_share_data_flash
                0x0000000008002000        0x0
                0x0000000008002000                _start_boot_share_data_flash = .

.start_flash    0x0000000008003000        0x0
                0x0000000008003000                _start_flash = .

.isr_vector     0x0000000008003000       0xf4
                0x0000000008003000                _isr_vector = .
 *(.isr_vector)
 .isr_vector    0x0000000008003000       0xf4 build_ak-base-kit-stm32l151-application/system.o
                0x0000000008003000                isr_vector
                0x00000000080030f4                . = ALIGN (0x4)

.text           0x00000000080030f8     0xc8e8
                0x00000000080030f8                . = ALIGN (0x4)
 *(.text)
 .text          0x00000000080030f8       0xec /home/bao/tool/gcc-arm-none-eabi-10.3-2021.10-x86_64-linux/gcc-arm-none-eabi-10.3-2021.10//arm-none-eabi/lib/thumb/v7-m/nofp/libc.a(lib_a-memcpy.o)
                0x00000000080030f8                memcpy
 .text          0x00000000080031e4      0x1bc /home/bao/tool/gcc-arm-none-eabi-10.3-2021.10-x86_64-linux/gcc-arm-none-eabi-10.3-2021.10//arm-none-eabi/lib/thumb/v7-m/nofp/libc.a(lib_a-strcmp.o)
                0x00000000080031e4                strcmp
 .text          0x00000000080033a0      0x378 /home/bao/tool/gcc-arm-none-eabi-10.3-2021.10-x86_64-linux/gcc-arm-none-eabi-10.3-2021.10//lib/gcc/arm-none-eabi/10.3.1/thumb/v7-m/nofp/libgcc.a(_arm_addsubdf3.o)
                0x00000000080033a0                __aeabi_drsub
                0x00000000080033a8                __aeabi_dsub
                0x00000000080033a8                __subdf3
                0x00000000080033ac                __adddf3
                0x00000000080033ac                __aeabi_dadd
                0x0000000008003624                __aeabi_ui2d
                0x0000000008003624                __floatunsidf
                0x0000000008003644                __floatsidf
                0x0000000008003644                __aeabi_i2d
                0x0000000008003668                __extendsfdf2
                0x0000000008003668                __aeabi_f2d
                0x00000000080036ac                __aeabi_ul2d
                0x00000000080036ac                __floatundidf
                0x00000000080036bc                __floatdidf
                0x00000000080036bc                __aeabi_l2d
 .text          0x0000000008003718      0x424 /home/bao/tool/gcc-arm-none-eabi-10.3-2021.10-x86_64-linux/gcc-arm-none-eabi-10.3-2021.10//lib/gcc/arm-none-eabi/10.3.1/thumb/v7-m/nofp/libgcc.a(_arm_muldivdf3.o)
                0x0000000008003718                __aeabi_dmul
                0x0000000008003718                __muldf3
                0x000000000800396c                __aeabi_ddiv
                0x000000000800396c                __divdf3
 .text          0x0000000008003b3c      0x110 /home/bao/tool/gcc-arm-none-eabi-10.3-2021.10-x86_64-linux/gcc-arm-none-eabi-10.3-2021.10//lib/gcc/arm-none-eabi/10.3.1/thumb/v7-m/nofp/libgcc.a(_arm_cmpdf2.o)
                0x0000000008003b3c                __gtdf2
                0x0000000008003b3c                __gedf2
                0x0000000008003b44                __ltdf2
                0x0000000008003b44                __ledf2
                0x0000000008003b4c                __cmpdf2
                0x0000000008003b4c                __eqdf2
                0x0000000008003b4c                __nedf2
                0x0000000008003bc8                __aeabi_cdrcmple
                0x0000000008003bd8                __aeabi_cdcmple
                0x0000000008003bd8                __aeabi_cdcmpeq
                0x0000000008003be8                __aeabi_dcmpeq
                0x0000000008003bfc                __aeabi_dcmplt
                0x0000000008003c10                __aeabi_dcmple
                0x0000000008003c24                __aeabi_dcmpge
                0x0000000008003c38                __aeabi_dcmpgt
 .text          0x0000000008003c4c       0x2c /home/bao/tool/gcc-arm-none-eabi-10.3-2021.10-x86_64-linux/gcc-arm-none-eabi-10.3-2021.10//lib/gcc/arm-none-eabi/10.3.1/thumb/v7-m/nofp/libgcc.a(_arm_unorddf2.o)
                0x0000000008003c4c                __aeabi_dcmpun
                0x0000000008003c4c                __unorddf2
 .text          0x0000000008003c78       0x50 /home/bao/tool/gcc-arm-none-eabi-10.3-2021.10-x86_64-linux/gcc-arm-none-eabi-10.3-2021.10//lib/gcc/arm-none-eabi/10.3.1/thumb/v7-m/nofp/libgcc.a(_arm_fixdfsi.o)
                0x0000000008003c78                __fixdfsi
                0x0000000008003c78                __aeabi_d2iz
 .text          0x0000000008003cc8       0x40 /home/bao/tool/gcc-arm-none-eabi-10.3-2021.10-x86_64-linux/gcc-arm-none-eabi-10.3-2021.10//lib/gcc/arm-none-eabi/10.3.1/thumb/v7-m/nofp/libgcc.a(_arm_fixunsdfsi.o)
                0x0000000008003cc8                __fixunsdfsi
                0x0000000008003cc8                __aeabi_d2uiz
 .text          0x0000000008003d08      0x21c /home/bao/tool/gcc-arm-none-eabi-10.3-2021.10-x86_64-linux/gcc-arm-none-eabi-10.3-2021.10//lib/gcc/arm-none-eabi/10.3.1/thumb/v7-m/nofp/libgcc.a(_arm_addsubsf3.o)
                0x0000000008003d08                __aeabi_frsub
                0x0000000008003d10                __subsf3
                0x0000000008003d10                __aeabi_fsub
                0x0000000008003d14                __aeabi_fadd
                0x0000000008003d14                __addsf3
                0x0000000008003e74                __aeabi_ui2f
                0x0000000008003e74                __floatunsisf
                0x0000000008003e7c                __aeabi_i2f
                0x0000000008003e7c                __floatsisf
                0x0000000008003e98                __floatundisf
                0x0000000008003e98                __aeabi_ul2f
                0x0000000008003ea8                __floatdisf
                0x0000000008003ea8                __aeabi_l2f
 .text          0x0000000008003f24      0x2a0 /home/bao/tool/gcc-arm-none-eabi-10.3-2021.10-x86_64-linux/gcc-arm-none-eabi-10.3-2021.10//lib/gcc/arm-none-eabi/10.3.1/thumb/v7-m/nofp/libgcc.a(_arm_muldivsf3.o)
                0x0000000008003f24                __mulsf3
                0x0000000008003f24                __aeabi_fmul
                0x000000000800408c                __divsf3
                0x000000000800408c                __aeabi_fdiv
 .text          0x00000000080041c4       0xec /home/bao/tool/gcc-arm-none-eabi-10.3-2021.10-x86_64-linux/gcc-arm-none-eabi-10.3-2021.10//lib/gcc/arm-none-eabi/10.3.1/thumb/v7-m/nofp/libgcc.a(_arm_cmpsf2.o)
                0x00000000080041c4                __gtsf2
                0x00000000080041c4                __gesf2
                0x00000000080041cc                __lesf2
                0x00000000080041cc                __ltsf2
                0x00000000080041d4                __nesf2
                0x00000000080041d4                __eqsf2
                0x00000000080041d4                __cmpsf2
                0x0000000008004234                __aeabi_cfrcmple
                0x000000000800423c                __aeabi_cfcmple
                0x000000000800423c                __aeabi_cfcmpeq
                0x000000000800424c                __aeabi_fcmpeq
                0x0000000008004260                __aeabi_fcmplt
                0x0000000008004274                __aeabi_fcmple
                0x0000000008004288                __aeabi_fcmpge
                0x000000000800429c                __aeabi_fcmpgt
 .text          0x00000000080042b0       0x4c /home/bao/tool/gcc-arm-none-eabi-10.3-2021.10-x86_64-linux/gcc-arm-none-eabi-10.3-2021.10//lib/gcc/arm-none-eabi/10.3.1/thumb/v7-m/nofp/libgcc.a(_arm_fixsfsi.o)
                0x00000000080042b0                __fixsfsi
                0x00000000080042b0                __aeabi_f2iz
 .text          0x00000000080042fc       0x30 /home/bao/tool/gcc-arm-none-eabi-10.3-2021.10-x86_64-linux/gcc-arm-none-eabi-10.3-2021.10//lib/gcc/arm-none-eabi/10.3.1/thumb/v7-m/nofp/libgcc.a(_aeabi_uldivmod.o)
                0x00000000080042fc                __aeabi_uldivmod
 .text          0x000000000800432c      0x2d4 /home/bao/tool/gcc-arm-none-eabi-10.3-2021.10-x86_64-linux/gcc-arm-none-eabi-10.3-2021.10//lib/gcc/arm-none-eabi/10.3.1/thumb/v7-m/nofp/libgcc.a(_udivmoddi4.o)
                0x000000000800432c                __udivmoddi4
 .text          0x0000000008004600        0x4 /home/bao/tool/gcc-arm-none-eabi-10.3-2021.10-x86_64-linux/gcc-arm-none-eabi-10.3-2021.10//lib/gcc/arm-none-eabi/10.3.1/thumb/v7-m/nofp/libgcc.a(_dvmd_tls.o)
                0x0000000008004600                __aeabi_ldiv0
                0x0000000008004600                __aeabi_idiv0
 *(.text*)
 .text.fsm_dispatch
                0x0000000008004604        0x6 build_ak-base-kit-stm32l151-application/fsm.o
                0x0000000008004604                fsm_dispatch
 .text.tsm_tran
                0x000000000800460a        0xe build_ak-base-kit-stm32l151-application/tsm.o
                0x000000000800460a                tsm_tran
 .text.tsm_init
                0x0000000008004618       0x2c build_ak-base-kit-stm32l151-application/tsm.o
                0x0000000008004618                tsm_init
 .text.tsm_dispatch
                0x0000000008004644       0x3a build_ak-base-kit-stm32l151-application/tsm.o
                0x0000000008004644                tsm_dispatch
 *fill*         0x000000000800467e        0x2 
 .text.task_create
                0x0000000008004680       0x3c build_ak-base-kit-stm32l151-application/task.o
                0x0000000008004680                task_create
 .text.task_polling_create
                0x00000000080046bc       0x34 build_ak-base-kit-stm32l151-application/task.o
                0x00000000080046bc                task_polling_create
 .text.task_post
                0x00000000080046f0       0x84 build_ak-base-kit-stm32l151-application/task.o
                0x00000000080046f0                task_post
 .text.task_remove_msg
                0x0000000008004774       0xb4 build_ak-base-kit-stm32l151-application/task.o
                0x0000000008004774                task_remove_msg
 .text.task_post_pure_msg
                0x0000000008004828       0x18 build_ak-base-kit-stm32l151-application/task.o
                0x0000000008004828                task_post_pure_msg
 .text.task_post_common_msg
                0x0000000008004840       0x2a build_ak-base-kit-stm32l151-application/task.o
                0x0000000008004840                task_post_common_msg
 *fill*         0x000000000800486a        0x2 
 .text.task_entry_interrupt
                0x000000000800486c       0x1c build_ak-base-kit-stm32l151-application/task.o
                0x000000000800486c                task_entry_interrupt
 .text.task_exit_interrupt
                0x0000000008004888       0x24 build_ak-base-kit-stm32l151-application/task.o
                0x0000000008004888                task_exit_interrupt
 .text.task_init
                0x00000000080048ac       0x40 build_ak-base-kit-stm32l151-application/task.o
                0x00000000080048ac                task_init
 .text.task_polling_run
                0x00000000080048ec       0x34 build_ak-base-kit-stm32l151-application/task.o
                0x00000000080048ec                task_polling_run
 .text.task_run
                0x0000000008004920      0x138 build_ak-base-kit-stm32l151-application/task.o
                0x0000000008004920                task_run
 .text.get_current_task_id
                0x0000000008004a58        0xc build_ak-base-kit-stm32l151-application/task.o
                0x0000000008004a58                get_current_task_id
 .text.get_current_task_info
                0x0000000008004a64        0x8 build_ak-base-kit-stm32l151-application/task.o
                0x0000000008004a64                get_current_task_info
 .text.get_current_active_object
                0x0000000008004a6c        0x8 build_ak-base-kit-stm32l151-application/task.o
                0x0000000008004a6c                get_current_active_object
 .text.timer_remove_msg
                0x0000000008004a74       0x64 build_ak-base-kit-stm32l151-application/timer.o
 .text.task_timer_tick
                0x0000000008004ad8       0x7c build_ak-base-kit-stm32l151-application/timer.o
                0x0000000008004ad8                task_timer_tick
 .text.timer_init
                0x0000000008004b54       0x6c build_ak-base-kit-stm32l151-application/timer.o
                0x0000000008004b54                timer_init
 .text.timer_tick
                0x0000000008004bc0       0x38 build_ak-base-kit-stm32l151-application/timer.o
                0x0000000008004bc0                timer_tick
 .text.timer_set
                0x0000000008004bf8       0x98 build_ak-base-kit-stm32l151-application/timer.o
                0x0000000008004bf8                timer_set
 .text.timer_remove_attr
                0x0000000008004c90       0x18 build_ak-base-kit-stm32l151-application/timer.o
                0x0000000008004c90                timer_remove_attr
 .text.free_common_msg
                0x0000000008004ca8       0x28 build_ak-base-kit-stm32l151-application/message.o
 .text.free_pure_msg
                0x0000000008004cd0       0x28 build_ak-base-kit-stm32l151-application/message.o
 .text.free_dynamic_msg
                0x0000000008004cf8       0x30 build_ak-base-kit-stm32l151-application/message.o
 .text.msg_init
                0x0000000008004d28      0x100 build_ak-base-kit-stm32l151-application/message.o
                0x0000000008004d28                msg_init
 .text.msg_force_free
                0x0000000008004e28       0x44 build_ak-base-kit-stm32l151-application/message.o
                0x0000000008004e28                msg_force_free
 .text.msg_inc_ref_count
                0x0000000008004e6c       0x2c build_ak-base-kit-stm32l151-application/message.o
                0x0000000008004e6c                msg_inc_ref_count
 .text.msg_dec_ref_count
                0x0000000008004e98       0x28 build_ak-base-kit-stm32l151-application/message.o
                0x0000000008004e98                msg_dec_ref_count
 .text.msg_free
                0x0000000008004ec0       0x58 build_ak-base-kit-stm32l151-application/message.o
                0x0000000008004ec0                msg_free
 .text.ak_malloc
                0x0000000008004f18       0x50 build_ak-base-kit-stm32l151-application/message.o
                0x0000000008004f18                ak_malloc
 .text.ak_free  0x0000000008004f68        0x4 build_ak-base-kit-stm32l151-application/message.o
                0x0000000008004f68                ak_free
 .text.get_pure_msg
                0x0000000008004f6c       0x5c build_ak-base-kit-stm32l151-application/message.o
                0x0000000008004f6c                get_pure_msg
 .text.get_common_msg
                0x0000000008004fc8       0x60 build_ak-base-kit-stm32l151-application/message.o
                0x0000000008004fc8                get_common_msg
 .text.set_data_common_msg
                0x0000000008005028       0x4c build_ak-base-kit-stm32l151-application/message.o
                0x0000000008005028                set_data_common_msg
 .text.get_data_common_msg
                0x0000000008005074       0x28 build_ak-base-kit-stm32l151-application/message.o
                0x0000000008005074                get_data_common_msg
 .text.get_data_len_common_msg
                0x000000000800509c       0x28 build_ak-base-kit-stm32l151-application/message.o
                0x000000000800509c                get_data_len_common_msg
 .text.get_dynamic_msg
                0x00000000080050c4       0x64 build_ak-base-kit-stm32l151-application/message.o
                0x00000000080050c4                get_dynamic_msg
 .text.set_data_dynamic_msg
                0x0000000008005128       0x3c build_ak-base-kit-stm32l151-application/message.o
                0x0000000008005128                set_data_dynamic_msg
 .text.get_data_dynamic_msg
                0x0000000008005164       0x28 build_ak-base-kit-stm32l151-application/message.o
                0x0000000008005164                get_data_dynamic_msg
 .text.get_data_len_dynamic_msg
                0x000000000800518c        0x4 build_ak-base-kit-stm32l151-application/message.o
                0x000000000800518c                get_data_len_dynamic_msg
 .text.log_queue_init
                0x0000000008005190       0x2e build_ak-base-kit-stm32l151-application/log_queue.o
                0x0000000008005190                log_queue_init
 .text.log_queue_len
                0x00000000080051be        0x4 build_ak-base-kit-stm32l151-application/log_queue.o
                0x00000000080051be                log_queue_len
 .text.log_queue_put
                0x00000000080051c2       0x5c build_ak-base-kit-stm32l151-application/log_queue.o
                0x00000000080051c2                log_queue_put
 .text.log_queue_get
                0x000000000800521e       0x30 build_ak-base-kit-stm32l151-application/log_queue.o
                0x000000000800521e                log_queue_get
 .text.fifo_init
                0x000000000800524e       0x12 build_ak-base-kit-stm32l151-application/fifo.o
                0x000000000800524e                fifo_init
 .text.fifo_availble
                0x0000000008005260        0x4 build_ak-base-kit-stm32l151-application/fifo.o
                0x0000000008005260                fifo_availble
 .text.fifo_is_full
                0x0000000008005264        0xc build_ak-base-kit-stm32l151-application/fifo.o
                0x0000000008005264                fifo_is_full
 .text.fifo_put
                0x0000000008005270       0x54 build_ak-base-kit-stm32l151-application/fifo.o
                0x0000000008005270                fifo_put
 .text.fifo_get
                0x00000000080052c4       0x50 build_ak-base-kit-stm32l151-application/fifo.o
                0x00000000080052c4                fifo_get
 .text.ring_buffer_char_init
                0x0000000008005314        0xc build_ak-base-kit-stm32l151-application/ring_buffer.o
                0x0000000008005314                ring_buffer_char_init
 .text.ring_buffer_char_is_empty
                0x0000000008005320        0xa build_ak-base-kit-stm32l151-application/ring_buffer.o
                0x0000000008005320                ring_buffer_char_is_empty
 .text.ring_buffer_char_put
                0x000000000800532a       0x36 build_ak-base-kit-stm32l151-application/ring_buffer.o
                0x000000000800532a                ring_buffer_char_put
 .text.ring_buffer_char_get
                0x0000000008005360       0x26 build_ak-base-kit-stm32l151-application/ring_buffer.o
                0x0000000008005360                ring_buffer_char_get
 .text.mem_read
                0x0000000008005386       0x18 build_ak-base-kit-stm32l151-application/utils.o
                0x0000000008005386                mem_read
 .text.mem_write
                0x000000000800539e       0x1a build_ak-base-kit-stm32l151-application/utils.o
                0x000000000800539e                mem_write
 .text.ilog10   0x00000000080053b8       0xd8 build_ak-base-kit-stm32l151-application/xprintf.o
 .text.i10x     0x0000000008005490       0x78 build_ak-base-kit-stm32l151-application/xprintf.o
 .text.xfputc   0x0000000008005508       0x30 build_ak-base-kit-stm32l151-application/xprintf.o
                0x0000000008005508                xfputc
 .text.xputc    0x0000000008005538       0x10 build_ak-base-kit-stm32l151-application/xprintf.o
                0x0000000008005538                xputc
 .text.xvfprintf
                0x0000000008005548      0x580 build_ak-base-kit-stm32l151-application/xprintf.o
 .text.xprintf  0x0000000008005ac8       0x24 build_ak-base-kit-stm32l151-application/xprintf.o
                0x0000000008005ac8                xprintf
 .text.cmd_line_parser
                0x0000000008005aec       0x7c build_ak-base-kit-stm32l151-application/cmd_line.o
                0x0000000008005aec                cmd_line_parser
 .text.button_init
                0x0000000008005b68       0x34 build_ak-base-kit-stm32l151-application/button.o
                0x0000000008005b68                button_init
 .text.button_enable
                0x0000000008005b9c        0x6 build_ak-base-kit-stm32l151-application/button.o
                0x0000000008005b9c                button_enable
 .text.button_timer_polling
                0x0000000008005ba2       0x76 build_ak-base-kit-stm32l151-application/button.o
                0x0000000008005ba2                button_timer_polling
 .text.flash_wait_to_idle
                0x0000000008005c18       0x32 build_ak-base-kit-stm32l151-application/flash.o
 .text.flash_set_write_enable.constprop.0
                0x0000000008005c4a       0x14 build_ak-base-kit-stm32l151-application/flash.o
 .text.flash_is_connected
                0x0000000008005c5e       0x22 build_ak-base-kit-stm32l151-application/flash.o
                0x0000000008005c5e                flash_is_connected
 .text.flash_read
                0x0000000008005c80       0x5e build_ak-base-kit-stm32l151-application/flash.o
                0x0000000008005c80                flash_read
 .text.flash_write
                0x0000000008005cde       0x6c build_ak-base-kit-stm32l151-application/flash.o
                0x0000000008005cde                flash_write
 .text.flash_erase_sector
                0x0000000008005d4a       0x48 build_ak-base-kit-stm32l151-application/flash.o
                0x0000000008005d4a                flash_erase_sector
 .text.flash_erase_block_64k
                0x0000000008005d92       0x46 build_ak-base-kit-stm32l151-application/flash.o
                0x0000000008005d92                flash_erase_block_64k
 .text.led_init
                0x0000000008005dd8       0x20 build_ak-base-kit-stm32l151-application/led.o
                0x0000000008005dd8                led_init
 .text.led_on   0x0000000008005df8        0xc build_ak-base-kit-stm32l151-application/led.o
                0x0000000008005df8                led_on
 .text.led_off  0x0000000008005e04        0xc build_ak-base-kit-stm32l151-application/led.o
                0x0000000008005e04                led_off
 .text.led_toggle
                0x0000000008005e10       0x12 build_ak-base-kit-stm32l151-application/led.o
                0x0000000008005e10                led_toggle
 *fill*         0x0000000008005e22        0x2 
 .text.BUZZER_Init
                0x0000000008005e24       0xc8 build_ak-base-kit-stm32l151-application/buzzer.o
                0x0000000008005e24                BUZZER_Init
 .text.BUZZER_Disable
                0x0000000008005eec       0x38 build_ak-base-kit-stm32l151-application/buzzer.o
                0x0000000008005eec                BUZZER_Disable
 .text.BUZZER_Enable
                0x0000000008005f24       0x84 build_ak-base-kit-stm32l151-application/buzzer.o
                0x0000000008005f24                BUZZER_Enable
 .text.buzzer_irq
                0x0000000008005fa8       0x98 build_ak-base-kit-stm32l151-application/buzzer.o
                0x0000000008005fa8                buzzer_irq
 .text.BUZZER_PlayTones
                0x0000000008006040       0x1c build_ak-base-kit-stm32l151-application/buzzer.o
                0x0000000008006040                BUZZER_PlayTones
 .text.sys_dbg_cpu_dump
                0x000000000800605c       0x4c build_ak-base-kit-stm32l151-application/sys_dbg.o
                0x000000000800605c                sys_dbg_cpu_dump
 .text.sys_dbg_stack_space_dump
                0x00000000080060a8       0x30 build_ak-base-kit-stm32l151-application/sys_dbg.o
                0x00000000080060a8                sys_dbg_stack_space_dump
 .text.sys_dbg_fatal
                0x00000000080060d8      0x3cc build_ak-base-kit-stm32l151-application/sys_dbg.o
                0x00000000080060d8                sys_dbg_fatal
 .text.sys_boot_init
                0x00000000080064a4       0x14 build_ak-base-kit-stm32l151-application/sys_boot.o
                0x00000000080064a4                sys_boot_init
 .text.sys_boot_get
                0x00000000080064b8        0xc build_ak-base-kit-stm32l151-application/sys_boot.o
                0x00000000080064b8                sys_boot_get
 .text.sys_boot_set
                0x00000000080064c4       0x34 build_ak-base-kit-stm32l151-application/sys_boot.o
                0x00000000080064c4                sys_boot_set
 .text.GPIO_Init
                0x00000000080064f8       0x78 build_ak-base-kit-stm32l151-application/stm32l1xx_gpio.o
                0x00000000080064f8                GPIO_Init
 .text.GPIO_ReadInputDataBit
                0x0000000008006570        0xc build_ak-base-kit-stm32l151-application/stm32l1xx_gpio.o
                0x0000000008006570                GPIO_ReadInputDataBit
 .text.GPIO_SetBits
                0x000000000800657c        0x4 build_ak-base-kit-stm32l151-application/stm32l1xx_gpio.o
                0x000000000800657c                GPIO_SetBits
 .text.GPIO_ResetBits
                0x0000000008006580        0x4 build_ak-base-kit-stm32l151-application/stm32l1xx_gpio.o
                0x0000000008006580                GPIO_ResetBits
 .text.GPIO_PinAFConfig
                0x0000000008006584       0x24 build_ak-base-kit-stm32l151-application/stm32l1xx_gpio.o
                0x0000000008006584                GPIO_PinAFConfig
 .text.RCC_HSICmd
                0x00000000080065a8        0xc build_ak-base-kit-stm32l151-application/stm32l1xx_rcc.o
                0x00000000080065a8                RCC_HSICmd
 .text.RCC_GetClocksFreq
                0x00000000080065b4       0x9c build_ak-base-kit-stm32l151-application/stm32l1xx_rcc.o
                0x00000000080065b4                RCC_GetClocksFreq
 .text.RCC_AHBPeriphClockCmd
                0x0000000008006650       0x18 build_ak-base-kit-stm32l151-application/stm32l1xx_rcc.o
                0x0000000008006650                RCC_AHBPeriphClockCmd
 .text.RCC_APB2PeriphClockCmd
                0x0000000008006668       0x18 build_ak-base-kit-stm32l151-application/stm32l1xx_rcc.o
                0x0000000008006668                RCC_APB2PeriphClockCmd
 .text.RCC_APB1PeriphClockCmd
                0x0000000008006680       0x18 build_ak-base-kit-stm32l151-application/stm32l1xx_rcc.o
                0x0000000008006680                RCC_APB1PeriphClockCmd
 .text.RCC_APB2PeriphResetCmd
                0x0000000008006698       0x18 build_ak-base-kit-stm32l151-application/stm32l1xx_rcc.o
                0x0000000008006698                RCC_APB2PeriphResetCmd
 .text.RCC_APB1PeriphResetCmd
                0x00000000080066b0       0x18 build_ak-base-kit-stm32l151-application/stm32l1xx_rcc.o
                0x00000000080066b0                RCC_APB1PeriphResetCmd
 .text.RCC_GetFlagStatus
                0x00000000080066c8       0x20 build_ak-base-kit-stm32l151-application/stm32l1xx_rcc.o
                0x00000000080066c8                RCC_GetFlagStatus
 .text.USART_Init
                0x00000000080066e8       0xa4 build_ak-base-kit-stm32l151-application/stm32l1xx_usart.o
                0x00000000080066e8                USART_Init
 .text.USART_Cmd
                0x000000000800678c       0x18 build_ak-base-kit-stm32l151-application/stm32l1xx_usart.o
                0x000000000800678c                USART_Cmd
 .text.USART_SendData
                0x00000000080067a4        0x8 build_ak-base-kit-stm32l151-application/stm32l1xx_usart.o
                0x00000000080067a4                USART_SendData
 .text.USART_ReceiveData
                0x00000000080067ac        0x8 build_ak-base-kit-stm32l151-application/stm32l1xx_usart.o
                0x00000000080067ac                USART_ReceiveData
 .text.USART_ITConfig
                0x00000000080067b4       0x30 build_ak-base-kit-stm32l151-application/stm32l1xx_usart.o
                0x00000000080067b4                USART_ITConfig
 .text.USART_GetFlagStatus
                0x00000000080067e4        0xc build_ak-base-kit-stm32l151-application/stm32l1xx_usart.o
                0x00000000080067e4                USART_GetFlagStatus
 .text.USART_GetITStatus
                0x00000000080067f0       0x3e build_ak-base-kit-stm32l151-application/stm32l1xx_usart.o
                0x00000000080067f0                USART_GetITStatus
 .text.USART_ClearITPendingBit
                0x000000000800682e        0xe build_ak-base-kit-stm32l151-application/stm32l1xx_usart.o
                0x000000000800682e                USART_ClearITPendingBit
 .text.SPI_I2S_DeInit
                0x000000000800683c       0x64 build_ak-base-kit-stm32l151-application/stm32l1xx_spi.o
                0x000000000800683c                SPI_I2S_DeInit
 .text.SPI_Init
                0x00000000080068a0       0x3e build_ak-base-kit-stm32l151-application/stm32l1xx_spi.o
                0x00000000080068a0                SPI_Init
 .text.SPI_Cmd  0x00000000080068de       0x18 build_ak-base-kit-stm32l151-application/stm32l1xx_spi.o
                0x00000000080068de                SPI_Cmd
 .text.SPI_I2S_ReceiveData
                0x00000000080068f6        0x6 build_ak-base-kit-stm32l151-application/stm32l1xx_spi.o
                0x00000000080068f6                SPI_I2S_ReceiveData
 .text.SPI_I2S_SendData
                0x00000000080068fc        0x4 build_ak-base-kit-stm32l151-application/stm32l1xx_spi.o
                0x00000000080068fc                SPI_I2S_SendData
 .text.SPI_I2S_GetFlagStatus
                0x0000000008006900        0xc build_ak-base-kit-stm32l151-application/stm32l1xx_spi.o
                0x0000000008006900                SPI_I2S_GetFlagStatus
 .text.NVIC_PriorityGroupConfig
                0x000000000800690c       0x14 build_ak-base-kit-stm32l151-application/misc.o
                0x000000000800690c                NVIC_PriorityGroupConfig
 .text.NVIC_Init
                0x0000000008006920       0x58 build_ak-base-kit-stm32l151-application/misc.o
                0x0000000008006920                NVIC_Init
 .text.EXTI_GetFlagStatus
                0x0000000008006978       0x14 build_ak-base-kit-stm32l151-application/stm32l1xx_exti.o
                0x0000000008006978                EXTI_GetFlagStatus
 .text.EXTI_GetITStatus
                0x000000000800698c        0x4 build_ak-base-kit-stm32l151-application/stm32l1xx_exti.o
                0x000000000800698c                EXTI_GetITStatus
 .text.EXTI_ClearITPendingBit
                0x0000000008006990        0xc build_ak-base-kit-stm32l151-application/stm32l1xx_exti.o
                0x0000000008006990                EXTI_ClearITPendingBit
 .text.TIM_DeInit
                0x000000000800699c       0xe4 build_ak-base-kit-stm32l151-application/stm32l1xx_tim.o
                0x000000000800699c                TIM_DeInit
 .text.TIM_TimeBaseInit
                0x0000000008006a80       0x58 build_ak-base-kit-stm32l151-application/stm32l1xx_tim.o
                0x0000000008006a80                TIM_TimeBaseInit
 .text.TIM_ARRPreloadConfig
                0x0000000008006ad8       0x18 build_ak-base-kit-stm32l151-application/stm32l1xx_tim.o
                0x0000000008006ad8                TIM_ARRPreloadConfig
 .text.TIM_Cmd  0x0000000008006af0       0x18 build_ak-base-kit-stm32l151-application/stm32l1xx_tim.o
                0x0000000008006af0                TIM_Cmd
 .text.TIM_OC3Init
                0x0000000008006b08       0x3c build_ak-base-kit-stm32l151-application/stm32l1xx_tim.o
                0x0000000008006b08                TIM_OC3Init
 .text.TIM_OC3PreloadConfig
                0x0000000008006b44       0x10 build_ak-base-kit-stm32l151-application/stm32l1xx_tim.o
                0x0000000008006b44                TIM_OC3PreloadConfig
 .text.TIM_ITConfig
                0x0000000008006b54       0x12 build_ak-base-kit-stm32l151-application/stm32l1xx_tim.o
                0x0000000008006b54                TIM_ITConfig
 .text.TIM_GetITStatus
                0x0000000008006b66       0x16 build_ak-base-kit-stm32l151-application/stm32l1xx_tim.o
                0x0000000008006b66                TIM_GetITStatus
 .text.TIM_ClearITPendingBit
                0x0000000008006b7c        0x8 build_ak-base-kit-stm32l151-application/stm32l1xx_tim.o
                0x0000000008006b7c                TIM_ClearITPendingBit
 .text.ADC_Init
                0x0000000008006b84       0x4c build_ak-base-kit-stm32l151-application/stm32l1xx_adc.o
                0x0000000008006b84                ADC_Init
 .text.ADC_Cmd  0x0000000008006bd0       0x12 build_ak-base-kit-stm32l151-application/stm32l1xx_adc.o
                0x0000000008006bd0                ADC_Cmd
 *fill*         0x0000000008006be2        0x2 
 .text.ADC_TempSensorVrefintCmd
                0x0000000008006be4       0x18 build_ak-base-kit-stm32l151-application/stm32l1xx_adc.o
                0x0000000008006be4                ADC_TempSensorVrefintCmd
 .text.ADC_RegularChannelConfig
                0x0000000008006bfc      0x104 build_ak-base-kit-stm32l151-application/stm32l1xx_adc.o
                0x0000000008006bfc                ADC_RegularChannelConfig
 .text.ADC_SoftwareStartConv
                0x0000000008006d00        0xa build_ak-base-kit-stm32l151-application/stm32l1xx_adc.o
                0x0000000008006d00                ADC_SoftwareStartConv
 .text.ADC_GetConversionValue
                0x0000000008006d0a        0x6 build_ak-base-kit-stm32l151-application/stm32l1xx_adc.o
                0x0000000008006d0a                ADC_GetConversionValue
 .text.ADC_GetFlagStatus
                0x0000000008006d10        0xc build_ak-base-kit-stm32l151-application/stm32l1xx_adc.o
                0x0000000008006d10                ADC_GetFlagStatus
 .text.PWR_UltraLowPowerCmd
                0x0000000008006d1c        0xc build_ak-base-kit-stm32l151-application/stm32l1xx_pwr.o
                0x0000000008006d1c                PWR_UltraLowPowerCmd
 .text.PWR_EnterSTOPMode
                0x0000000008006d28       0x34 build_ak-base-kit-stm32l151-application/stm32l1xx_pwr.o
                0x0000000008006d28                PWR_EnterSTOPMode
 .text.FLASH_Lock
                0x0000000008006d5c       0x10 build_ak-base-kit-stm32l151-application/stm32l1xx_flash.o
                0x0000000008006d5c                FLASH_Lock
 .text.DATA_EEPROM_Unlock
                0x0000000008006d6c       0x20 build_ak-base-kit-stm32l151-application/stm32l1xx_flash.o
                0x0000000008006d6c                DATA_EEPROM_Unlock
 .text.FLASH_Unlock
                0x0000000008006d8c       0x2c build_ak-base-kit-stm32l151-application/stm32l1xx_flash.o
                0x0000000008006d8c                FLASH_Unlock
 .text.DATA_EEPROM_Lock
                0x0000000008006db8       0x10 build_ak-base-kit-stm32l151-application/stm32l1xx_flash.o
                0x0000000008006db8                DATA_EEPROM_Lock
 .text.FLASH_OB_Unlock
                0x0000000008006dc8       0x2c build_ak-base-kit-stm32l151-application/stm32l1xx_flash.o
                0x0000000008006dc8                FLASH_OB_Unlock
 .text.FLASH_OB_Launch
                0x0000000008006df4       0x10 build_ak-base-kit-stm32l151-application/stm32l1xx_flash.o
                0x0000000008006df4                FLASH_OB_Launch
 .text.FLASH_OB_GetBOR
                0x0000000008006e04       0x10 build_ak-base-kit-stm32l151-application/stm32l1xx_flash.o
                0x0000000008006e04                FLASH_OB_GetBOR
 .text.FLASH_ClearFlag
                0x0000000008006e14        0xc build_ak-base-kit-stm32l151-application/stm32l1xx_flash.o
                0x0000000008006e14                FLASH_ClearFlag
 .text.FLASH_GetStatus
                0x0000000008006e20       0x28 build_ak-base-kit-stm32l151-application/stm32l1xx_flash.o
                0x0000000008006e20                FLASH_GetStatus
 .text.FLASH_WaitForLastOperation
                0x0000000008006e48       0x3c build_ak-base-kit-stm32l151-application/stm32l1xx_flash.o
                0x0000000008006e48                FLASH_WaitForLastOperation
 .text.FLASH_ErasePage
                0x0000000008006e84       0x44 build_ak-base-kit-stm32l151-application/stm32l1xx_flash.o
                0x0000000008006e84                FLASH_ErasePage
 .text.FLASH_FastProgramWord
                0x0000000008006ec8       0x22 build_ak-base-kit-stm32l151-application/stm32l1xx_flash.o
                0x0000000008006ec8                FLASH_FastProgramWord
 .text.DATA_EEPROM_EraseWord
                0x0000000008006eea       0x16 build_ak-base-kit-stm32l151-application/stm32l1xx_flash.o
                0x0000000008006eea                DATA_EEPROM_EraseWord
 .text.DATA_EEPROM_FastProgramWord
                0x0000000008006f00       0x30 build_ak-base-kit-stm32l151-application/stm32l1xx_flash.o
                0x0000000008006f00                DATA_EEPROM_FastProgramWord
 .text.DATA_EEPROM_ProgramByte
                0x0000000008006f30       0x4c build_ak-base-kit-stm32l151-application/stm32l1xx_flash.o
                0x0000000008006f30                DATA_EEPROM_ProgramByte
 .text.FLASH_OB_BORConfig
                0x0000000008006f7c       0x3c build_ak-base-kit-stm32l151-application/stm32l1xx_flash.o
                0x0000000008006f7c                FLASH_OB_BORConfig
 .text.IWDG_WriteAccessCmd
                0x0000000008006fb8        0xc build_ak-base-kit-stm32l151-application/stm32l1xx_iwdg.o
                0x0000000008006fb8                IWDG_WriteAccessCmd
 .text.IWDG_SetPrescaler
                0x0000000008006fc4        0xc build_ak-base-kit-stm32l151-application/stm32l1xx_iwdg.o
                0x0000000008006fc4                IWDG_SetPrescaler
 .text.IWDG_SetReload
                0x0000000008006fd0        0xc build_ak-base-kit-stm32l151-application/stm32l1xx_iwdg.o
                0x0000000008006fd0                IWDG_SetReload
 .text.IWDG_ReloadCounter
                0x0000000008006fdc       0x10 build_ak-base-kit-stm32l151-application/stm32l1xx_iwdg.o
                0x0000000008006fdc                IWDG_ReloadCounter
 .text.IWDG_Enable
                0x0000000008006fec       0x10 build_ak-base-kit-stm32l151-application/stm32l1xx_iwdg.o
                0x0000000008006fec                IWDG_Enable
 .text.I2C_SendData
                0x0000000008006ffc        0x4 build_ak-base-kit-stm32l151-application/stm32l1xx_i2c.o
                0x0000000008006ffc                I2C_SendData
 .text.I2C_CheckEvent
                0x0000000008007000       0x18 build_ak-base-kit-stm32l151-application/stm32l1xx_i2c.o
                0x0000000008007000                I2C_CheckEvent
 .text.disable_interrupts
                0x0000000008007018       0x10 build_ak-base-kit-stm32l151-application/platform.o
                0x0000000008007018                disable_interrupts
 .text.entry_critical
                0x0000000008007028       0x14 build_ak-base-kit-stm32l151-application/platform.o
                0x0000000008007028                entry_critical
 .text.exit_critical
                0x000000000800703c       0x30 build_ak-base-kit-stm32l151-application/platform.o
                0x000000000800703c                exit_critical
 .text.default_handler
                0x000000000800706c       0x1c build_ak-base-kit-stm32l151-application/system.o
                0x000000000800706c                svc_handler
                0x000000000800706c                default_handler
                0x000000000800706c                dg_monitor_handler
                0x000000000800706c                pendsv_handler
 .text.nmi_handler
                0x0000000008007088       0x1c build_ak-base-kit-stm32l151-application/system.o
                0x0000000008007088                nmi_handler
 .text.hard_fault_handler
                0x00000000080070a4       0x1c build_ak-base-kit-stm32l151-application/system.o
                0x00000000080070a4                hard_fault_handler
 .text.mem_manage_handler
                0x00000000080070c0       0x1c build_ak-base-kit-stm32l151-application/system.o
                0x00000000080070c0                mem_manage_handler
 .text.bus_fault_handler
                0x00000000080070dc       0x1c build_ak-base-kit-stm32l151-application/system.o
                0x00000000080070dc                bus_fault_handler
 .text.usage_fault_handler
                0x00000000080070f8       0x1c build_ak-base-kit-stm32l151-application/system.o
                0x00000000080070f8                usage_fault_handler
 .text.systick_handler
                0x0000000008007114       0x40 build_ak-base-kit-stm32l151-application/system.o
                0x0000000008007114                systick_handler
 .text.uart1_irq
                0x0000000008007154       0x64 build_ak-base-kit-stm32l151-application/system.o
                0x0000000008007154                uart1_irq
 .text.exti_line1_irq
                0x00000000080071b8       0x1c build_ak-base-kit-stm32l151-application/system.o
                0x00000000080071b8                exti_line1_irq
 .text.timer7_irq
                0x00000000080071d4       0x24 build_ak-base-kit-stm32l151-application/system.o
                0x00000000080071d4                timer7_irq
 .text.sys_ctrl_delay
                0x00000000080071f8        0xc build_ak-base-kit-stm32l151-application/system.o
                0x00000000080071f8                sys_ctrl_delay
 .text.sys_ctrl_millis
                0x0000000008007204       0x1c build_ak-base-kit-stm32l151-application/system.o
                0x0000000008007204                sys_ctrl_millis
 .text._init    0x0000000008007220        0x2 build_ak-base-kit-stm32l151-application/system.o
                0x0000000008007220                _init
 .text._fini    0x0000000008007222        0x2 build_ak-base-kit-stm32l151-application/system.o
                0x0000000008007222                _fini
 .text.sys_stack_count_init
                0x0000000008007224       0x3c build_ak-base-kit-stm32l151-application/system.o
                0x0000000008007224                sys_stack_count_init
 .text.reset_handler
                0x0000000008007260       0xc8 build_ak-base-kit-stm32l151-application/system.o
                0x0000000008007260                reset_handler
 .text.sys_stack_usage
                0x0000000008007328       0x20 build_ak-base-kit-stm32l151-application/system.o
                0x0000000008007328                sys_stack_usage
 .text.sys_stack_get_size
                0x0000000008007348        0xc build_ak-base-kit-stm32l151-application/system.o
                0x0000000008007348                sys_stack_get_size
 .text.sys_ctrl_shell_put_char_block
                0x0000000008007354       0x2c build_ak-base-kit-stm32l151-application/sys_cfg.o
                0x0000000008007354                sys_ctrl_shell_put_char_block
 .text.sys_cfg_clock
                0x0000000008007380       0x22 build_ak-base-kit-stm32l151-application/sys_cfg.o
                0x0000000008007380                sys_cfg_clock
 *fill*         0x00000000080073a2        0x2 
 .text.sys_cfg_tick
                0x00000000080073a4       0x50 build_ak-base-kit-stm32l151-application/sys_cfg.o
                0x00000000080073a4                sys_cfg_tick
 .text.sys_cfg_svc
                0x00000000080073f4       0x30 build_ak-base-kit-stm32l151-application/sys_cfg.o
                0x00000000080073f4                sys_cfg_svc
 .text.sys_cfg_pendsv
                0x0000000008007424       0x34 build_ak-base-kit-stm32l151-application/sys_cfg.o
                0x0000000008007424                sys_cfg_pendsv
 .text.sys_cfg_update_info
                0x0000000008007458      0x108 build_ak-base-kit-stm32l151-application/sys_cfg.o
                0x0000000008007458                sys_cfg_update_info
 .text.sys_ctrl_shell_sw_to_block
                0x0000000008007560       0x38 build_ak-base-kit-stm32l151-application/sys_cfg.o
                0x0000000008007560                sys_ctrl_shell_sw_to_block
 .text.sys_cfg_console
                0x0000000008007598       0xd8 build_ak-base-kit-stm32l151-application/sys_cfg.o
                0x0000000008007598                sys_cfg_console
 .text.sys_ctrl_shell_get_char
                0x0000000008007670       0x34 build_ak-base-kit-stm32l151-application/sys_cfg.o
                0x0000000008007670                sys_ctrl_shell_get_char
 .text.sys_ctrl_reset
                0x00000000080076a4       0x20 build_ak-base-kit-stm32l151-application/sys_cfg.o
                0x00000000080076a4                sys_ctrl_reset
 .text.sys_ctrl_delay_us
                0x00000000080076c4       0x58 build_ak-base-kit-stm32l151-application/sys_cfg.o
                0x00000000080076c4                sys_ctrl_delay_us
 .text.sys_ctrl_delay_ms
                0x000000000800771c       0x1e build_ak-base-kit-stm32l151-application/sys_cfg.o
                0x000000000800771c                sys_ctrl_delay_ms
 *fill*         0x000000000800773a        0x2 
 .text.sys_ctr_stop_mcu
                0x000000000800773c       0xa8 build_ak-base-kit-stm32l151-application/sys_cfg.o
                0x000000000800773c                sys_ctr_stop_mcu
 .text.sys_ctrl_independent_watchdog_init
                0x00000000080077e4       0x24 build_ak-base-kit-stm32l151-application/sys_cfg.o
                0x00000000080077e4                sys_ctrl_independent_watchdog_init
 .text.sys_ctrl_independent_watchdog_reset
                0x0000000008007808       0x12 build_ak-base-kit-stm32l151-application/sys_cfg.o
                0x0000000008007808                sys_ctrl_independent_watchdog_reset
 *fill*         0x000000000800781a        0x2 
 .text.sys_ctrl_soft_watchdog_init
                0x000000000800781c       0x68 build_ak-base-kit-stm32l151-application/sys_cfg.o
                0x000000000800781c                sys_ctrl_soft_watchdog_init
 .text.sys_ctrl_soft_watchdog_reset
                0x0000000008007884       0x18 build_ak-base-kit-stm32l151-application/sys_cfg.o
                0x0000000008007884                sys_ctrl_soft_watchdog_reset
 .text.sys_ctrl_soft_watchdog_increase_counter
                0x000000000800789c       0x40 build_ak-base-kit-stm32l151-application/sys_cfg.o
                0x000000000800789c                sys_ctrl_soft_watchdog_increase_counter
 .text.sys_ctrl_get_firmware_info
                0x00000000080078dc       0x40 build_ak-base-kit-stm32l151-application/sys_cfg.o
                0x00000000080078dc                sys_ctrl_get_firmware_info
 .text.task_irq_io_entry_trigger
                0x000000000800791c        0x2 build_ak-base-kit-stm32l151-application/sys_cfg.o
                0x000000000800791c                task_irq_io_entry_trigger
 .text.task_irq_io_exit_trigger
                0x000000000800791e        0x2 build_ak-base-kit-stm32l151-application/sys_cfg.o
                0x000000000800791e                task_irq_io_exit_trigger
 .text.io_button_mode_init
                0x0000000008007920       0x28 build_ak-base-kit-stm32l151-application/io_cfg.o
                0x0000000008007920                io_button_mode_init
 .text.io_button_up_init
                0x0000000008007948       0x28 build_ak-base-kit-stm32l151-application/io_cfg.o
                0x0000000008007948                io_button_up_init
 .text.io_button_down_init
                0x0000000008007970       0x28 build_ak-base-kit-stm32l151-application/io_cfg.o
                0x0000000008007970                io_button_down_init
 .text.io_button_mode_read
                0x0000000008007998        0xc build_ak-base-kit-stm32l151-application/io_cfg.o
                0x0000000008007998                io_button_mode_read
 .text.io_button_up_read
                0x00000000080079a4       0x10 build_ak-base-kit-stm32l151-application/io_cfg.o
                0x00000000080079a4                io_button_up_read
 .text.io_button_down_read
                0x00000000080079b4        0xc build_ak-base-kit-stm32l151-application/io_cfg.o
                0x00000000080079b4                io_button_down_read
 .text.led_life_init
                0x00000000080079c0       0x28 build_ak-base-kit-stm32l151-application/io_cfg.o
                0x00000000080079c0                led_life_init
 .text.led_life_on
                0x00000000080079e8       0x10 build_ak-base-kit-stm32l151-application/io_cfg.o
                0x00000000080079e8                led_life_on
 .text.led_life_off
                0x00000000080079f8       0x10 build_ak-base-kit-stm32l151-application/io_cfg.o
                0x00000000080079f8                led_life_off
 .text.flash_io_ctrl_init
                0x0000000008007a08       0x28 build_ak-base-kit-stm32l151-application/io_cfg.o
                0x0000000008007a08                flash_io_ctrl_init
 .text.flash_cs_low
                0x0000000008007a30       0x10 build_ak-base-kit-stm32l151-application/io_cfg.o
                0x0000000008007a30                flash_cs_low
 .text.flash_cs_high
                0x0000000008007a40       0x10 build_ak-base-kit-stm32l151-application/io_cfg.o
                0x0000000008007a40                flash_cs_high
 .text.flash_transfer
                0x0000000008007a50       0x98 build_ak-base-kit-stm32l151-application/io_cfg.o
                0x0000000008007a50                flash_transfer
 .text.io_cfg_adc1
                0x0000000008007ae8       0x48 build_ak-base-kit-stm32l151-application/io_cfg.o
                0x0000000008007ae8                io_cfg_adc1
 .text.adc_bat_io_cfg
                0x0000000008007b30       0x2c build_ak-base-kit-stm32l151-application/io_cfg.o
                0x0000000008007b30                adc_bat_io_cfg
 *fill*         0x0000000008007b5c        0x4 
 .text.sys_ctr_get_vbat_voltage
                0x0000000008007b60       0x90 build_ak-base-kit-stm32l151-application/io_cfg.o
                0x0000000008007b60                sys_ctr_get_vbat_voltage
 .text.sys_ctr_get_mcu_temperature
                0x0000000008007bf0       0x6c build_ak-base-kit-stm32l151-application/io_cfg.o
                0x0000000008007bf0                sys_ctr_get_mcu_temperature
 .text.ssd1306_clk_input_mode
                0x0000000008007c5c       0x28 build_ak-base-kit-stm32l151-application/io_cfg.o
                0x0000000008007c5c                ssd1306_clk_input_mode
 .text.ssd1306_clk_output_mode
                0x0000000008007c84       0x28 build_ak-base-kit-stm32l151-application/io_cfg.o
                0x0000000008007c84                ssd1306_clk_output_mode
 .text.ssd1306_clk_digital_write_low
                0x0000000008007cac       0x10 build_ak-base-kit-stm32l151-application/io_cfg.o
                0x0000000008007cac                ssd1306_clk_digital_write_low
 .text.ssd1306_clk_digital_write_high
                0x0000000008007cbc       0x10 build_ak-base-kit-stm32l151-application/io_cfg.o
                0x0000000008007cbc                ssd1306_clk_digital_write_high
 .text.ssd1306_data_input_mode
                0x0000000008007ccc       0x28 build_ak-base-kit-stm32l151-application/io_cfg.o
                0x0000000008007ccc                ssd1306_data_input_mode
 .text.ssd1306_data_output_mode
                0x0000000008007cf4       0x28 build_ak-base-kit-stm32l151-application/io_cfg.o
                0x0000000008007cf4                ssd1306_data_output_mode
 .text.ssd1306_data_digital_write_low
                0x0000000008007d1c       0x10 build_ak-base-kit-stm32l151-application/io_cfg.o
                0x0000000008007d1c                ssd1306_data_digital_write_low
 .text.ssd1306_data_digital_write_high
                0x0000000008007d2c       0x10 build_ak-base-kit-stm32l151-application/io_cfg.o
                0x0000000008007d2c                ssd1306_data_digital_write_high
 .text.ssd1306_res_input_mode
                0x0000000008007d3c       0x28 build_ak-base-kit-stm32l151-application/io_cfg.o
                0x0000000008007d3c                ssd1306_res_input_mode
 .text.ssd1306_res_output_mode
                0x0000000008007d64       0x28 build_ak-base-kit-stm32l151-application/io_cfg.o
                0x0000000008007d64                ssd1306_res_output_mode
 .text.ssd1306_res_digital_write_low
                0x0000000008007d8c       0x10 build_ak-base-kit-stm32l151-application/io_cfg.o
                0x0000000008007d8c                ssd1306_res_digital_write_low
 .text.ssd1306_res_digital_write_high
                0x0000000008007d9c       0x10 build_ak-base-kit-stm32l151-application/io_cfg.o
                0x0000000008007d9c                ssd1306_res_digital_write_high
 .text.io_eeprom_read
                0x0000000008007dac       0x34 build_ak-base-kit-stm32l151-application/io_cfg.o
                0x0000000008007dac                io_eeprom_read
 .text.io_eeprom_write
                0x0000000008007de0       0x48 build_ak-base-kit-stm32l151-application/io_cfg.o
                0x0000000008007de0                io_eeprom_write
 .text.io_eeprom_erase
                0x0000000008007e28       0x4c build_ak-base-kit-stm32l151-application/io_cfg.o
                0x0000000008007e28                io_eeprom_erase
 .text.internal_flash_unlock
                0x0000000008007e74       0x12 build_ak-base-kit-stm32l151-application/io_cfg.o
                0x0000000008007e74                internal_flash_unlock
 .text.internal_flash_lock
                0x0000000008007e86        0x4 build_ak-base-kit-stm32l151-application/io_cfg.o
                0x0000000008007e86                internal_flash_lock
 .text.internal_flash_erase_pages_cal
                0x0000000008007e8a       0x24 build_ak-base-kit-stm32l151-application/io_cfg.o
                0x0000000008007e8a                internal_flash_erase_pages_cal
 .text.internal_flash_write_cal
                0x0000000008007eae       0x48 build_ak-base-kit-stm32l151-application/io_cfg.o
                0x0000000008007eae                internal_flash_write_cal
 *fill*         0x0000000008007ef6        0x2 
 .text.io_uart2_cfg
                0x0000000008007ef8       0xbc build_ak-base-kit-stm32l151-application/io_cfg.o
                0x0000000008007ef8                io_uart2_cfg
 .text.SystemInit
                0x0000000008007fb4      0x114 build_ak-base-kit-stm32l151-application/system_stm32l1xx.o
                0x0000000008007fb4                SystemInit
 .text.SystemCoreClockUpdate
                0x00000000080080c8       0x88 build_ak-base-kit-stm32l151-application/system_stm32l1xx.o
                0x00000000080080c8                SystemCoreClockUpdate
 .text._ZL13view_scr_idlev
                0x0000000008008150       0x48 build_ak-base-kit-stm32l151-application/scr_idle.o
 .text._ZN4ballC2Ev
                0x0000000008008198       0x6c build_ak-base-kit-stm32l151-application/scr_idle.o
                0x0000000008008198                ball::ball()
                0x0000000008008198                ball::ball()
 .text._ZNSt6vectorI4ballSaIS0_EE17_M_realloc_insertIJRKS0_EEEvN9__gnu_cxx17__normal_iteratorIPS0_S2_EEDpOT_
                0x0000000008008204      0x110 build_ak-base-kit-stm32l151-application/scr_idle.o
                0x0000000008008204                void std::vector<ball, std::allocator<ball> >::_M_realloc_insert<ball const&>(__gnu_cxx::__normal_iterator<ball*, std::vector<ball, std::allocator<ball> > >, ball const&)
 .text._ZNSt6vectorI4ballSaIS0_EE9push_backERKS0_
                0x0000000008008314       0x2c build_ak-base-kit-stm32l151-application/scr_idle.o
                0x0000000008008314                std::vector<ball, std::allocator<ball> >::push_back(ball const&)
 .text._Z15scr_idle_handleP8ak_msg_t
                0x0000000008008340      0x20c build_ak-base-kit-stm32l151-application/scr_idle.o
                0x0000000008008340                scr_idle_handle(ak_msg_t*)
 .text.startup._GLOBAL__sub_I_dyn_view_idle
                0x000000000800854c       0x10 build_ak-base-kit-stm32l151-application/scr_idle.o
 .text.exit._GLOBAL__sub_D_dyn_view_idle
                0x000000000800855c       0x10 build_ak-base-kit-stm32l151-application/scr_idle.o
 .text._Z25scr_gameconca_menu_handleP8ak_msg_t
                0x000000000800856c       0x94 build_ak-base-kit-stm32l151-application/scr_gameconca_menu.o
                0x000000000800856c                scr_gameconca_menu_handle(ak_msg_t*)
 .text._ZL22view_scr_gameconcamenuv
                0x0000000008008600       0x6c build_ak-base-kit-stm32l151-application/scr_gameconca_menu.o
 .text._ZL15view_scr_ingamev
                0x000000000800866c      0x16c build_ak-base-kit-stm32l151-application/scr_ingame.o
 .text._ZNSt6vectorI5coralSaIS0_EE17_M_realloc_insertIJRKS0_EEEvN9__gnu_cxx17__normal_iteratorIPS0_S2_EEDpOT_
                0x00000000080087d8       0xe8 build_ak-base-kit-stm32l151-application/scr_ingame.o
                0x00000000080087d8                void std::vector<coral, std::allocator<coral> >::_M_realloc_insert<coral const&>(__gnu_cxx::__normal_iterator<coral*, std::vector<coral, std::allocator<coral> > >, coral const&)
 .text._ZNSt6vectorI4boomSaIS0_EE17_M_realloc_insertIJRKS0_EEEvN9__gnu_cxx17__normal_iteratorIPS0_S2_EEDpOT_
                0x00000000080088c0       0xdc build_ak-base-kit-stm32l151-application/scr_ingame.o
                0x00000000080088c0                void std::vector<boom, std::allocator<boom> >::_M_realloc_insert<boom const&>(__gnu_cxx::__normal_iterator<boom*, std::vector<boom, std::allocator<boom> > >, boom const&)
 .text._ZNSt6vectorI4boomSaIS0_EE8_M_eraseEN9__gnu_cxx17__normal_iteratorIPS0_S2_EES6_
                0x000000000800899c       0x2e build_ak-base-kit-stm32l151-application/scr_ingame.o
                0x000000000800899c                std::vector<boom, std::allocator<boom> >::_M_erase(__gnu_cxx::__normal_iterator<boom*, std::vector<boom, std::allocator<boom> > >, __gnu_cxx::__normal_iterator<boom*, std::vector<boom, std::allocator<boom> > >)
 .text._ZNSt6vectorI6bulletSaIS0_EE8_M_eraseEN9__gnu_cxx17__normal_iteratorIPS0_S2_EES6_
                0x00000000080089ca       0x2e build_ak-base-kit-stm32l151-application/scr_ingame.o
                0x00000000080089ca                std::vector<bullet, std::allocator<bullet> >::_M_erase(__gnu_cxx::__normal_iterator<bullet*, std::vector<bullet, std::allocator<bullet> > >, __gnu_cxx::__normal_iterator<bullet*, std::vector<bullet, std::allocator<bullet> > >)
 .text._ZNSt6vectorI6bulletSaIS0_EE17_M_realloc_insertIJRKS0_EEEvN9__gnu_cxx17__normal_iteratorIPS0_S2_EEDpOT_
                0x00000000080089f8      0x118 build_ak-base-kit-stm32l151-application/scr_ingame.o
                0x00000000080089f8                void std::vector<bullet, std::allocator<bullet> >::_M_realloc_insert<bullet const&>(__gnu_cxx::__normal_iterator<bullet*, std::vector<bullet, std::allocator<bullet> > >, bullet const&)
 .text._Z17scr_ingame_handleP8ak_msg_t
                0x0000000008008b10      0x558 build_ak-base-kit-stm32l151-application/scr_ingame.o
                0x0000000008008b10                scr_ingame_handle(ak_msg_t*)
 .text.startup._GLOBAL__sub_I_diem_x
                0x0000000008009068       0x28 build_ak-base-kit-stm32l151-application/scr_ingame.o
 .text.exit._GLOBAL__sub_D_diem_x
                0x0000000008009090       0x34 build_ak-base-kit-stm32l151-application/scr_ingame.o
 .text._ZL16view_scr_startupv
                0x00000000080090c4       0x94 build_ak-base-kit-stm32l151-application/scr_startup.o
 .text._Z18scr_startup_handleP8ak_msg_t
                0x0000000008009158       0x80 build_ak-base-kit-stm32l151-application/scr_startup.o
                0x0000000008009158                scr_startup_handle(ak_msg_t*)
 .text._ZL17view_scr_gameoverv
                0x00000000080091d8       0x90 build_ak-base-kit-stm32l151-application/scr_gameover.o
 .text._Z19scr_gameover_handleP8ak_msg_t
                0x0000000008009268       0x64 build_ak-base-kit-stm32l151-application/scr_gameover.o
                0x0000000008009268                scr_gameover_handle(ak_msg_t*)
 .text._ZL15view_scr_gameUIv
                0x00000000080092cc        0x2 build_ak-base-kit-stm32l151-application/game_UI.o
 .text._ZL14view_scr_earthv
                0x00000000080092ce        0x4 build_ak-base-kit-stm32l151-application/game_UI.o
 .text._ZL13view_scr_starv
                0x00000000080092d2        0x4 build_ak-base-kit-stm32l151-application/game_UI.o
 *fill*         0x00000000080092d6        0x2 
 .text._Z17scr_gameUI_handleP8ak_msg_t
                0x00000000080092d8       0x48 build_ak-base-kit-stm32l151-application/game_UI.o
                0x00000000080092d8                scr_gameUI_handle(ak_msg_t*)
 .text._Z11task_systemP8ak_msg_t
                0x0000000008009320       0x44 build_ak-base-kit-stm32l151-application/task_system.o
                0x0000000008009320                task_system(ak_msg_t*)
 .text.main_app
                0x0000000008009364      0x1d8 build_ak-base-kit-stm32l151-application/app.o
                0x0000000008009364                main_app
 .text._Z19task_polling_zigbeev
                0x000000000800953c        0x2 build_ak-base-kit-stm32l151-application/app.o
                0x000000000800953c                task_polling_zigbee()
 *fill*         0x000000000800953e        0x2 
 .text._Z20task_polling_consolev
                0x0000000008009540       0xd8 build_ak-base-kit-stm32l151-application/app.o
                0x0000000008009540                task_polling_console()
 .text.sys_irq_timer_10ms
                0x0000000008009618       0x24 build_ak-base-kit-stm32l151-application/app.o
                0x0000000008009618                sys_irq_timer_10ms
 .text._Z17btn_mode_callbackPv
                0x000000000800963c       0x3c build_ak-base-kit-stm32l151-application/app_bsp.o
                0x000000000800963c                btn_mode_callback(void*)
 .text._Z15btn_up_callbackPv
                0x0000000008009678       0x50 build_ak-base-kit-stm32l151-application/app_bsp.o
                0x0000000008009678                btn_up_callback(void*)
 .text._Z17btn_down_callbackPv
                0x00000000080096c8       0x50 build_ak-base-kit-stm32l151-application/app_bsp.o
                0x00000000080096c8                btn_down_callback(void*)
 .text._ZL19str_parser_get_attrh
                0x0000000008009718       0x1c build_ak-base-kit-stm32l151-application/shell.o
 .text._Z9shell_sttPh
                0x0000000008009734        0x4 build_ak-base-kit-stm32l151-application/shell.o
                0x0000000008009734                shell_stt(unsigned char*)
 .text._Z9shell_psvPh
                0x0000000008009738       0x14 build_ak-base-kit-stm32l151-application/shell.o
                0x0000000008009738                shell_psv(unsigned char*)
 .text._Z11shell_resetPh
                0x000000000800974c       0x10 build_ak-base-kit-stm32l151-application/shell.o
                0x000000000800974c                shell_reset(unsigned char*)
 .text._Z10shell_helpPh
                0x000000000800975c       0x30 build_ak-base-kit-stm32l151-application/shell.o
                0x000000000800975c                shell_help(unsigned char*)
 .text._Z9shell_verPh
                0x000000000800978c      0x118 build_ak-base-kit-stm32l151-application/shell.o
                0x000000000800978c                shell_ver(unsigned char*)
 .text._Z12shell_rebootPh
                0x00000000080098a4       0x10 build_ak-base-kit-stm32l151-application/shell.o
                0x00000000080098a4                shell_reboot(unsigned char*)
 .text._ZL10str_parserPc
                0x00000000080098b4       0x60 build_ak-base-kit-stm32l151-application/shell.o
 .text._Z11shell_fatalPh
                0x0000000008009914      0x2f4 build_ak-base-kit-stm32l151-application/shell.o
                0x0000000008009914                shell_fatal(unsigned char*)
 .text._Z11shell_flashPh
                0x0000000008009c08      0x150 build_ak-base-kit-stm32l151-application/shell.o
                0x0000000008009c08                shell_flash(unsigned char*)
 .text._Z9shell_epsPh
                0x0000000008009d58       0xd0 build_ak-base-kit-stm32l151-application/shell.o
                0x0000000008009d58                shell_eps(unsigned char*)
 .text._Z9shell_ramPh
                0x0000000008009e28      0x20c build_ak-base-kit-stm32l151-application/shell.o
                0x0000000008009e28                shell_ram(unsigned char*)
 .text._Z10shell_bootPh
                0x000000000800a034       0xdc build_ak-base-kit-stm32l151-application/shell.o
                0x000000000800a034                shell_boot(unsigned char*)
 .text._Z9shell_fwuPh
                0x000000000800a110       0x34 build_ak-base-kit-stm32l151-application/shell.o
                0x000000000800a110                shell_fwu(unsigned char*)
 .text._Z12shell_buzzerPh
                0x000000000800a144       0x88 build_ak-base-kit-stm32l151-application/shell.o
                0x000000000800a144                shell_buzzer(unsigned char*)
 .text._Z9shell_dbgPh
                0x000000000800a1cc       0x38 build_ak-base-kit-stm32l151-application/shell.o
                0x000000000800a1cc                shell_dbg(unsigned char*)
 .text._Z9shell_epiPh
                0x000000000800a204        0x4 build_ak-base-kit-stm32l151-application/shell.o
                0x000000000800a204                shell_epi(unsigned char*)
 .text._Z9shell_lcdPh
                0x000000000800a208      0x15c build_ak-base-kit-stm32l151-application/shell.o
                0x000000000800a208                shell_lcd(unsigned char*)
 .text.sys_irq_shell
                0x000000000800a364       0x2c build_ak-base-kit-stm32l151-application/task_shell.o
                0x000000000800a364                sys_irq_shell
 .text._Z10task_shellP8ak_msg_t
                0x000000000800a390       0x7c build_ak-base-kit-stm32l151-application/task_shell.o
                0x000000000800a390                task_shell(ak_msg_t*)
 .text._Z9task_lifeP8ak_msg_t
                0x000000000800a40c       0x20 build_ak-base-kit-stm32l151-application/task_life.o
                0x000000000800a40c                task_life(ak_msg_t*)
 .text._Z7task_fwP8ak_msg_t
                0x000000000800a42c      0x490 build_ak-base-kit-stm32l151-application/task_fw.o
                0x000000000800a42c                task_fw(ak_msg_t*)
 .text._Z12task_displayP8ak_msg_t
                0x000000000800a8bc        0x4 build_ak-base-kit-stm32l151-application/task_display.o
                0x000000000800a8bc                task_display(ak_msg_t*)
 .text._Z10task_helloP8ak_msg_t
                0x000000000800a8c0        0x2 build_ak-base-kit-stm32l151-application/task_hello.o
                0x000000000800a8c0                task_hello(ak_msg_t*)
 .text._Z11task_hello1P8ak_msg_t
                0x000000000800a8c2        0x2 build_ak-base-kit-stm32l151-application/task_hello1.o
                0x000000000800a8c2                task_hello1(ak_msg_t*)
 .text._Z9task_fishP8ak_msg_t
                0x000000000800a8c4        0x2 build_ak-base-kit-stm32l151-application/task_fish.o
                0x000000000800a8c4                task_fish(ak_msg_t*)
 *fill*         0x000000000800a8c6        0x2 
 .text._Z3in1P8ak_msg_t
                0x000000000800a8c8        0xc build_ak-base-kit-stm32l151-application/task_sm.o
                0x000000000800a8c8                in1(ak_msg_t*)
 .text._Z3in2P8ak_msg_t
                0x000000000800a8d4        0xc build_ak-base-kit-stm32l151-application/task_sm.o
                0x000000000800a8d4                in2(ak_msg_t*)
 .text._Z3in3P8ak_msg_t
                0x000000000800a8e0        0xc build_ak-base-kit-stm32l151-application/task_sm.o
                0x000000000800a8e0                in3(ak_msg_t*)
 .text._Z3in4P8ak_msg_t
                0x000000000800a8ec        0xc build_ak-base-kit-stm32l151-application/task_sm.o
                0x000000000800a8ec                in4(ak_msg_t*)
 .text._Z7task_smP8ak_msg_t
                0x000000000800a8f8        0xc build_ak-base-kit-stm32l151-application/task_sm.o
                0x000000000800a8f8                task_sm(ak_msg_t*)
 .text._Z9earth_imgv
                0x000000000800a904       0x30 build_ak-base-kit-stm32l151-application/earth.o
                0x000000000800a904                earth_img()
 .text._Z10earth_movev
                0x000000000800a934       0x30 build_ak-base-kit-stm32l151-application/earth.o
                0x000000000800a934                earth_move()
 .text._Z5earthP8ak_msg_t
                0x000000000800a964        0xc build_ak-base-kit-stm32l151-application/earth.o
                0x000000000800a964                earth(ak_msg_t*)
 .text._Z8star_imgv
                0x000000000800a970       0x34 build_ak-base-kit-stm32l151-application/star.o
                0x000000000800a970                star_img()
 .text._Z9star_movev
                0x000000000800a9a4       0x14 build_ak-base-kit-stm32l151-application/star.o
                0x000000000800a9a4                star_move()
 .text._Z4starP8ak_msg_t
                0x000000000800a9b8        0xc build_ak-base-kit-stm32l151-application/star.o
                0x000000000800a9b8                star(ak_msg_t*)
 .text._Z7task_ifP8ak_msg_t
                0x000000000800a9c4       0xe4 build_ak-base-kit-stm32l151-application/task_if.o
                0x000000000800a9c4                task_if(ak_msg_t*)
 .text._Z12task_rf24_ifP8ak_msg_t
                0x000000000800aaa8        0x2 build_ak-base-kit-stm32l151-application/task_rf24_if.o
                0x000000000800aaa8                task_rf24_if(ak_msg_t*)
 *fill*         0x000000000800aaaa        0x2 
 .text._Z12task_uart_ifP8ak_msg_t
                0x000000000800aaac       0xc0 build_ak-base-kit-stm32l151-application/task_uart_if.o
                0x000000000800aaac                task_uart_if(ak_msg_t*)
 .text._Z8task_dbgP8ak_msg_t
                0x000000000800ab6c        0x2 build_ak-base-kit-stm32l151-application/task_dbg.o
                0x000000000800ab6c                task_dbg(ak_msg_t*)
 .text._ZL19view_render_dynamicPv
                0x000000000800ab6e        0xa build_ak-base-kit-stm32l151-application/view_render.o
 .text._Z22view_render_display_onv
                0x000000000800ab78        0xc build_ak-base-kit-stm32l151-application/view_render.o
                0x000000000800ab78                view_render_display_on()
 .text.startup._GLOBAL__sub_I_view_render
                0x000000000800ab84        0xc build_ak-base-kit-stm32l151-application/view_render.o
 .text.exit._GLOBAL__sub_D_view_render
                0x000000000800ab90        0xc build_ak-base-kit-stm32l151-application/view_render.o
 .text._Z18view_render_screenP13view_screen_t
                0x000000000800ab9c       0x68 build_ak-base-kit-stm32l151-application/view_render.o
                0x000000000800ab9c                view_render_screen(view_screen_t*)
 .text._ZL21view_render_rectanglePv
                0x000000000800ac04       0xe8 build_ak-base-kit-stm32l151-application/view_render.o
 .text._Z12scr_mng_ctorP9scr_mng_tPFvP8ak_msg_tEP13view_screen_t
                0x000000000800acec       0x20 build_ak-base-kit-stm32l151-application/screen_manager.o
                0x000000000800acec                scr_mng_ctor(scr_mng_t*, void (*)(ak_msg_t*), view_screen_t*)
 .text._Z16scr_mng_dispatchP8ak_msg_t
                0x000000000800ad0c       0x48 build_ak-base-kit-stm32l151-application/screen_manager.o
                0x000000000800ad0c                scr_mng_dispatch(ak_msg_t*)
 .text._Z12scr_mng_tranPFvP8ak_msg_tEP13view_screen_t
                0x000000000800ad54       0x44 build_ak-base-kit-stm32l151-application/screen_manager.o
                0x000000000800ad54                scr_mng_tran(void (*)(ak_msg_t*), view_screen_t*)
 .text._ZN12Adafruit_GFX8drawLineEsssst
                0x000000000800ad98       0xbe build_ak-base-kit-stm32l151-application/Adafruit_GFX.o
                0x000000000800ad98                Adafruit_GFX::drawLine(short, short, short, short, unsigned short)
 .text._ZN12Adafruit_GFX8drawRectEsssst
                0x000000000800ae56       0x68 build_ak-base-kit-stm32l151-application/Adafruit_GFX.o
                0x000000000800ae56                Adafruit_GFX::drawRect(short, short, short, short, unsigned short)
 .text._ZN12Adafruit_GFX13drawFastVLineEssst
                0x000000000800aebe       0x1c build_ak-base-kit-stm32l151-application/Adafruit_GFX.o
                0x000000000800aebe                Adafruit_GFX::drawFastVLine(short, short, short, unsigned short)
 .text._ZN12Adafruit_GFX13drawFastHLineEssst
                0x000000000800aeda       0x1a build_ak-base-kit-stm32l151-application/Adafruit_GFX.o
                0x000000000800aeda                Adafruit_GFX::drawFastHLine(short, short, short, unsigned short)
 .text._ZN12Adafruit_GFX8fillRectEsssst
                0x000000000800aef4       0x38 build_ak-base-kit-stm32l151-application/Adafruit_GFX.o
                0x000000000800aef4                Adafruit_GFX::fillRect(short, short, short, short, unsigned short)
 .text._ZN12Adafruit_GFX10fillScreenEt
                0x000000000800af2c       0x1c build_ak-base-kit-stm32l151-application/Adafruit_GFX.o
                0x000000000800af2c                Adafruit_GFX::fillScreen(unsigned short)
 .text._ZN12Adafruit_GFXC2Ess
                0x000000000800af48       0x28 build_ak-base-kit-stm32l151-application/Adafruit_GFX.o
                0x000000000800af48                Adafruit_GFX::Adafruit_GFX(short, short)
                0x000000000800af48                Adafruit_GFX::Adafruit_GFX(short, short)
 .text._ZN12Adafruit_GFX10drawCircleEssst
                0x000000000800af70      0x172 build_ak-base-kit-stm32l151-application/Adafruit_GFX.o
                0x000000000800af70                Adafruit_GFX::drawCircle(short, short, short, unsigned short)
 .text._ZN12Adafruit_GFX10drawBitmapEssPKhsst
                0x000000000800b0e2       0x92 build_ak-base-kit-stm32l151-application/Adafruit_GFX.o
                0x000000000800b0e2                Adafruit_GFX::drawBitmap(short, short, unsigned char const*, short, short, unsigned short)
 .text._ZN12Adafruit_GFX8drawCharEsshtth
                0x000000000800b174      0x108 build_ak-base-kit-stm32l151-application/Adafruit_GFX.o
                0x000000000800b174                Adafruit_GFX::drawChar(short, short, unsigned char, unsigned short, unsigned short, unsigned char)
 .text._ZN12Adafruit_GFX5writeEh
                0x000000000800b27c       0x64 build_ak-base-kit-stm32l151-application/Adafruit_GFX.o
                0x000000000800b27c                Adafruit_GFX::write(unsigned char)
 .text._ZN12Adafruit_GFX9setCursorEss
                0x000000000800b2e0        0x6 build_ak-base-kit-stm32l151-application/Adafruit_GFX.o
                0x000000000800b2e0                Adafruit_GFX::setCursor(short, short)
 .text._ZN12Adafruit_GFX11setTextSizeEh
                0x000000000800b2e6        0xa build_ak-base-kit-stm32l151-application/Adafruit_GFX.o
                0x000000000800b2e6                Adafruit_GFX::setTextSize(unsigned char)
 .text._ZN12Adafruit_GFX12setTextColorEt
                0x000000000800b2f0        0x6 build_ak-base-kit-stm32l151-application/Adafruit_GFX.o
                0x000000000800b2f0                Adafruit_GFX::setTextColor(unsigned short)
 .text._ZN12Adafruit_GFX5widthEv
                0x000000000800b2f6        0x6 build_ak-base-kit-stm32l151-application/Adafruit_GFX.o
                0x000000000800b2f6                Adafruit_GFX::width()
 .text._ZN12Adafruit_GFX6heightEv
                0x000000000800b2fc        0x6 build_ak-base-kit-stm32l151-application/Adafruit_GFX.o
                0x000000000800b2fc                Adafruit_GFX::height()
 .text._ZN19Adafruit_ssd1306syp9updateRowEii
                0x000000000800b302       0x1e build_ak-base-kit-stm32l151-application/Adafruit_ssd1306syp.o
                0x000000000800b302                Adafruit_ssd1306syp::updateRow(int, int)
 .text._ZN19Adafruit_ssd1306syp9drawPixelEsst
                0x000000000800b320       0x52 build_ak-base-kit-stm32l151-application/Adafruit_ssd1306syp.o
                0x000000000800b320                Adafruit_ssd1306syp::drawPixel(short, short, unsigned short)
 *fill*         0x000000000800b372        0x2 
 .text._ZN19Adafruit_ssd1306sypC2Ev
                0x000000000800b374       0x24 build_ak-base-kit-stm32l151-application/Adafruit_ssd1306syp.o
                0x000000000800b374                Adafruit_ssd1306syp::Adafruit_ssd1306syp()
                0x000000000800b374                Adafruit_ssd1306syp::Adafruit_ssd1306syp()
 .text._ZN19Adafruit_ssd1306sypD2Ev
                0x000000000800b398        0x2 build_ak-base-kit-stm32l151-application/Adafruit_ssd1306syp.o
                0x000000000800b398                Adafruit_ssd1306syp::~Adafruit_ssd1306syp()
                0x000000000800b398                Adafruit_ssd1306syp::~Adafruit_ssd1306syp()
 .text._ZN19Adafruit_ssd1306syp5clearEb
                0x000000000800b39a       0x22 build_ak-base-kit-stm32l151-application/Adafruit_ssd1306syp.o
                0x000000000800b39a                Adafruit_ssd1306syp::clear(bool)
 .text._ZN19Adafruit_ssd1306syp9writeByteEh
                0x000000000800b3bc       0x54 build_ak-base-kit-stm32l151-application/Adafruit_ssd1306syp.o
                0x000000000800b3bc                Adafruit_ssd1306syp::writeByte(unsigned char)
 .text._ZN19Adafruit_ssd1306syp8startIICEv
                0x000000000800b410       0x2c build_ak-base-kit-stm32l151-application/Adafruit_ssd1306syp.o
                0x000000000800b410                Adafruit_ssd1306syp::startIIC()
 .text._ZN19Adafruit_ssd1306syp7stopIICEv
                0x000000000800b43c       0x2c build_ak-base-kit-stm32l151-application/Adafruit_ssd1306syp.o
                0x000000000800b43c                Adafruit_ssd1306syp::stopIIC()
 .text._ZN19Adafruit_ssd1306syp12writeCommandEh
                0x000000000800b468       0x2c build_ak-base-kit-stm32l151-application/Adafruit_ssd1306syp.o
                0x000000000800b468                Adafruit_ssd1306syp::writeCommand(unsigned char)
 .text._ZN19Adafruit_ssd1306syp10initializeEv
                0x000000000800b494       0xf4 build_ak-base-kit-stm32l151-application/Adafruit_ssd1306syp.o
                0x000000000800b494                Adafruit_ssd1306syp::initialize()
 .text._ZN19Adafruit_ssd1306syp10display_onEv
                0x000000000800b588        0x6 build_ak-base-kit-stm32l151-application/Adafruit_ssd1306syp.o
                0x000000000800b588                Adafruit_ssd1306syp::display_on()
 .text._ZN19Adafruit_ssd1306syp11display_offEv
                0x000000000800b58e        0x6 build_ak-base-kit-stm32l151-application/Adafruit_ssd1306syp.o
                0x000000000800b58e                Adafruit_ssd1306syp::display_off()
 .text._ZN19Adafruit_ssd1306syp17startDataSequenceEv
                0x000000000800b594       0x1c build_ak-base-kit-stm32l151-application/Adafruit_ssd1306syp.o
                0x000000000800b594                Adafruit_ssd1306syp::startDataSequence()
 .text._ZN19Adafruit_ssd1306syp6updateEv
                0x000000000800b5b0       0x70 build_ak-base-kit-stm32l151-application/Adafruit_ssd1306syp.o
                0x000000000800b5b0                Adafruit_ssd1306syp::update()
 .text._ZN19Adafruit_ssd1306syp9updateRowEi
                0x000000000800b620       0x6c build_ak-base-kit-stm32l151-application/Adafruit_ssd1306syp.o
                0x000000000800b620                Adafruit_ssd1306syp::updateRow(int)
 .text.eeprom_read
                0x000000000800b68c        0x4 build_ak-base-kit-stm32l151-application/eeprom.o
                0x000000000800b68c                eeprom_read
 .text.eeprom_write
                0x000000000800b690        0x4 build_ak-base-kit-stm32l151-application/eeprom.o
                0x000000000800b690                eeprom_write
 .text.eeprom_erase
                0x000000000800b694        0x4 build_ak-base-kit-stm32l151-application/eeprom.o
                0x000000000800b694                eeprom_erase
 .text._ZL19link_hal_write_byteh
                0x000000000800b698        0x2 build_ak-base-kit-stm32l151-application/link_hal.o
 .text._ZL17link_hal_rev_byteh
                0x000000000800b69a        0x4 build_ak-base-kit-stm32l151-application/link_hal.o
 *fill*         0x000000000800b69e        0x2 
 .text._Z23link_hal_reg_write_bytePFhhE
                0x000000000800b6a0       0x28 build_ak-base-kit-stm32l151-application/link_hal.o
                0x000000000800b6a0                link_hal_reg_write_byte(unsigned char (*)(unsigned char))
 .text._Z21link_hal_reg_rev_bytePFhhE
                0x000000000800b6c8       0x28 build_ak-base-kit-stm32l151-application/link_hal.o
                0x000000000800b6c8                link_hal_reg_rev_byte(unsigned char (*)(unsigned char))
 .text._ZL21fsm_link_state_handleP8ak_msg_t
                0x000000000800b6f0      0x2b0 build_ak-base-kit-stm32l151-application/link.o
 .text._ZL19fsm_link_state_initP8ak_msg_t
                0x000000000800b9a0       0x80 build_ak-base-kit-stm32l151-application/link.o
 .text._Z9task_linkP8ak_msg_t
                0x000000000800ba20        0xc build_ak-base-kit-stm32l151-application/link.o
                0x000000000800ba20                task_link(ak_msg_t*)
 .text._Z23link_init_state_machinev
                0x000000000800ba2c       0x2c build_ak-base-kit-stm32l151-application/link.o
                0x000000000800ba2c                link_init_state_machine()
 .text._ZL23link_mac_frame_send_reqv
                0x000000000800ba58       0x3c build_ak-base-kit-stm32l151-application/link_mac.o
 .text._ZL23link_mac_frame_send_endv
                0x000000000800ba94       0x34 build_ak-base-kit-stm32l151-application/link_mac.o
 .text._ZL28link_mac_frame_cals_checksumP16link_mac_frame_t.constprop.0
                0x000000000800bac8       0x38 build_ak-base-kit-stm32l151-application/link_mac.o
 .text._Z25fsm_link_mac_state_handleP8ak_msg_t
                0x000000000800bb00      0x2b8 build_ak-base-kit-stm32l151-application/link_mac.o
                0x000000000800bb00                fsm_link_mac_state_handle(ak_msg_t*)
 .text._Z13task_link_macP8ak_msg_t
                0x000000000800bdb8        0xc build_ak-base-kit-stm32l151-application/link_mac.o
                0x000000000800bdb8                task_link_mac(ak_msg_t*)
 .text._Z23fsm_link_mac_state_initP8ak_msg_t
                0x000000000800bdc4       0x88 build_ak-base-kit-stm32l151-application/link_mac.o
                0x000000000800bdc4                fsm_link_mac_state_init(ak_msg_t*)
 .text._ZL26link_phy_frame_write_blockPhm
                0x000000000800be4c       0x1c build_ak-base-kit-stm32l151-application/link_phy.o
 .text._ZL20link_phy_frame_writeP16link_phy_frame_t
                0x000000000800be68       0x1c build_ak-base-kit-stm32l151-application/link_phy.o
 .text._ZL28link_phy_frame_cals_checksumP16link_phy_frame_t
                0x000000000800be84       0x38 build_ak-base-kit-stm32l151-application/link_phy.o
 .text._ZL25link_phy_frame_write_byteh
                0x000000000800bebc        0xc build_ak-base-kit-stm32l151-application/link_phy.o
 .text._ZL26ac_link_phy_frame_rev_byteh
                0x000000000800bec8      0x100 build_ak-base-kit-stm32l151-application/link_phy.o
 .text._ZL19link_phy_frame_sendv
                0x000000000800bfc8       0x2c build_ak-base-kit-stm32l151-application/link_phy.o
 .text._Z25fsm_link_phy_state_handleP8ak_msg_t
                0x000000000800bff4      0x1f0 build_ak-base-kit-stm32l151-application/link_phy.o
                0x000000000800bff4                fsm_link_phy_state_handle(ak_msg_t*)
 .text._Z13task_link_phyP8ak_msg_t
                0x000000000800c1e4        0xc build_ak-base-kit-stm32l151-application/link_phy.o
                0x000000000800c1e4                task_link_phy(ak_msg_t*)
 .text._Z23fsm_link_phy_state_initP8ak_msg_t
                0x000000000800c1f0       0x90 build_ak-base-kit-stm32l151-application/link_phy.o
                0x000000000800c1f0                fsm_link_phy_state_init(ak_msg_t*)
 .text._Z26link_phy_get_send_frame_tov
                0x000000000800c280       0x10 build_ak-base-kit-stm32l151-application/link_phy.o
                0x000000000800c280                link_phy_get_send_frame_to()
 .text._Z13link_pdu_initv
                0x000000000800c290       0x54 build_ak-base-kit-stm32l151-application/link_data.o
                0x000000000800c290                link_pdu_init()
 .text._Z15link_pdu_mallocv
                0x000000000800c2e4       0x24 build_ak-base-kit-stm32l151-application/link_data.o
                0x000000000800c2e4                link_pdu_malloc()
 .text._Z12link_pdu_getm
                0x000000000800c308       0x3c build_ak-base-kit-stm32l151-application/link_data.o
                0x000000000800c308                link_pdu_get(unsigned long)
 .text._Z13link_pdu_freem
                0x000000000800c344       0x4c build_ak-base-kit-stm32l151-application/link_data.o
                0x000000000800c344                link_pdu_free(unsigned long)
 .text._Z17link_get_src_addrv
                0x000000000800c390       0x18 build_ak-base-kit-stm32l151-application/link_data.o
                0x000000000800c390                link_get_src_addr()
 .text._Z17link_get_des_addrv
                0x000000000800c3a8       0x18 build_ak-base-kit-stm32l151-application/link_data.o
                0x000000000800c3a8                link_get_des_addr()
 .text._Z7pinModehh
                0x000000000800c3c0       0x84 build_ak-base-kit-stm32l151-application/wiring_digital.o
                0x000000000800c3c0                pinMode(unsigned char, unsigned char)
 .text._Z12digitalWritehh
                0x000000000800c444       0x78 build_ak-base-kit-stm32l151-application/wiring_digital.o
                0x000000000800c444                digitalWrite(unsigned char, unsigned char)
 .text._ZN5Print5writeEPKhj
                0x000000000800c4bc       0x22 build_ak-base-kit-stm32l151-application/Print.o
                0x000000000800c4bc                Print::write(unsigned char const*, unsigned int)
 .text._ZN5Print5writeEPKc
                0x000000000800c4de       0x20 build_ak-base-kit-stm32l151-application/Print.o
                0x000000000800c4de                Print::write(char const*)
 .text._ZN5Print5printEPKc
                0x000000000800c4fe        0x8 build_ak-base-kit-stm32l151-application/Print.o
                0x000000000800c4fe                Print::print(char const*)
 .text._ZN5Print5printEc
                0x000000000800c506        0x6 build_ak-base-kit-stm32l151-application/Print.o
                0x000000000800c506                Print::print(char)
 .text._ZN5Print7printlnEv
                0x000000000800c50c       0x18 build_ak-base-kit-stm32l151-application/Print.o
                0x000000000800c50c                Print::println()
 .text._ZN5Print11printNumberEmh
                0x000000000800c524       0x3a build_ak-base-kit-stm32l151-application/Print.o
                0x000000000800c524                Print::printNumber(unsigned long, unsigned char)
 .text._ZN5Print5printEli.part.0
                0x000000000800c55e       0x28 build_ak-base-kit-stm32l151-application/Print.o
 .text._ZN5Print5printEli
                0x000000000800c586       0x20 build_ak-base-kit-stm32l151-application/Print.o
                0x000000000800c586                Print::print(long, int)
 .text._ZN5Print7printlnEii
                0x000000000800c5a6       0x14 build_ak-base-kit-stm32l151-application/Print.o
                0x000000000800c5a6                Print::println(int, int)
 .text._ZN14HardwareSerial9availableEv
                0x000000000800c5ba        0xa build_ak-base-kit-stm32l151-application/HardwareSerial.o
                0x000000000800c5ba                HardwareSerial::available()
 .text._ZN14HardwareSerial4peekEv
                0x000000000800c5c4       0x14 build_ak-base-kit-stm32l151-application/HardwareSerial.o
                0x000000000800c5c4                HardwareSerial::peek()
 .text._ZN14HardwareSerial4readEv
                0x000000000800c5d8       0x20 build_ak-base-kit-stm32l151-application/HardwareSerial.o
                0x000000000800c5d8                HardwareSerial::read()
 .text._ZN14HardwareSerial5flushEv
                0x000000000800c5f8        0x2 build_ak-base-kit-stm32l151-application/HardwareSerial.o
                0x000000000800c5f8                HardwareSerial::flush()
 .text._ZN14HardwareSerial17availableForWriteEv
                0x000000000800c5fa       0x26 build_ak-base-kit-stm32l151-application/HardwareSerial.o
                0x000000000800c5fa                HardwareSerial::availableForWrite()
 .text._ZN14HardwareSerial5writeEh
                0x000000000800c620       0x30 build_ak-base-kit-stm32l151-application/HardwareSerial.o
                0x000000000800c620                HardwareSerial::write(unsigned char)
 .text._ZL20serial2_trigger_putcv
                0x000000000800c650       0x10 build_ak-base-kit-stm32l151-application/HardwareSerial2.o
 .text.startup._GLOBAL__sub_I_Serial2
                0x000000000800c660       0x34 build_ak-base-kit-stm32l151-application/HardwareSerial2.o
 .text._ZN8SPIClass9io_configEv
                0x000000000800c694       0x68 build_ak-base-kit-stm32l151-application/SPI.o
                0x000000000800c694                SPIClass::io_config()
 .text._ZN8SPIClass5beginEv
                0x000000000800c6fc       0xd0 build_ak-base-kit-stm32l151-application/SPI.o
                0x000000000800c6fc                SPIClass::begin()
 .text.startup._GLOBAL__sub_I__ZN8SPIClassC2Ev
                0x000000000800c7cc       0x14 build_ak-base-kit-stm32l151-application/SPI.o
 .text._ZN7TwoWire9availableEv
                0x000000000800c7e0       0x14 build_ak-base-kit-stm32l151-application/Wire.o
                0x000000000800c7e0                TwoWire::available()
 .text._ZN7TwoWire4readEv
                0x000000000800c7f4       0x28 build_ak-base-kit-stm32l151-application/Wire.o
                0x000000000800c7f4                TwoWire::read()
 .text._ZN7TwoWire4peekEv
                0x000000000800c81c       0x24 build_ak-base-kit-stm32l151-application/Wire.o
                0x000000000800c81c                TwoWire::peek()
 .text._ZN7TwoWire5flushEv
                0x000000000800c840        0x2 build_ak-base-kit-stm32l151-application/Wire.o
                0x000000000800c840                TwoWire::flush()
 *fill*         0x000000000800c842        0x2 
 .text._ZN7TwoWire5writeEh
                0x000000000800c844       0x54 build_ak-base-kit-stm32l151-application/Wire.o
                0x000000000800c844                TwoWire::write(unsigned char)
 .text._ZN7TwoWire5writeEPKhj
                0x000000000800c898       0x34 build_ak-base-kit-stm32l151-application/Wire.o
                0x000000000800c898                TwoWire::write(unsigned char const*, unsigned int)
 .text.startup._GLOBAL__sub_I__ZN7TwoWire8rxBufferE
                0x000000000800c8cc       0x1c build_ak-base-kit-stm32l151-application/Wire.o
 .text._Z12twi_transmitPKhh
                0x000000000800c8e8       0x44 build_ak-base-kit-stm32l151-application/twi.o
                0x000000000800c8e8                twi_transmit(unsigned char const*, unsigned char)
 .text.__cxa_pure_virtual
                0x000000000800c92c       0x1c build_ak-base-kit-stm32l151-application/mini_cpp.o
                0x000000000800c92c                __cxa_pure_virtual
 .text._Znwj    0x000000000800c948        0x4 build_ak-base-kit-stm32l151-application/mini_cpp.o
                0x000000000800c948                operator new(unsigned int)
 .text._ZdlPv   0x000000000800c94c        0x4 build_ak-base-kit-stm32l151-application/mini_cpp.o
                0x000000000800c94c                operator delete(void*)
 .text._sbrk    0x000000000800c950       0x1c build_ak-base-kit-stm32l151-application/mini_cpp.o
                0x000000000800c950                _sbrk
 .text.malloc   0x000000000800c96c       0x10 /home/bao/tool/gcc-arm-none-eabi-10.3-2021.10-x86_64-linux/gcc-arm-none-eabi-10.3-2021.10//arm-none-eabi/lib/thumb/v7-m/nofp/libc.a(lib_a-malloc.o)
                0x000000000800c96c                malloc
 .text.free     0x000000000800c97c       0x10 /home/bao/tool/gcc-arm-none-eabi-10.3-2021.10-x86_64-linux/gcc-arm-none-eabi-10.3-2021.10//arm-none-eabi/lib/thumb/v7-m/nofp/libc.a(lib_a-malloc.o)
                0x000000000800c97c                free
 .text._malloc_r
                0x000000000800c98c      0x558 /home/bao/tool/gcc-arm-none-eabi-10.3-2021.10-x86_64-linux/gcc-arm-none-eabi-10.3-2021.10//arm-none-eabi/lib/thumb/v7-m/nofp/libc.a(lib_a-mallocr.o)
                0x000000000800c98c                _malloc_r
 .text.memcmp   0x000000000800cee4       0x68 /home/bao/tool/gcc-arm-none-eabi-10.3-2021.10-x86_64-linux/gcc-arm-none-eabi-10.3-2021.10//arm-none-eabi/lib/thumb/v7-m/nofp/libc.a(lib_a-memcmp.o)
                0x000000000800cee4                memcmp
 .text.memmove  0x000000000800cf4c       0xf8 /home/bao/tool/gcc-arm-none-eabi-10.3-2021.10-x86_64-linux/gcc-arm-none-eabi-10.3-2021.10//arm-none-eabi/lib/thumb/v7-m/nofp/libc.a(lib_a-memmove.o)
                0x000000000800cf4c                memmove
 .text.memset   0x000000000800d044       0xa4 /home/bao/tool/gcc-arm-none-eabi-10.3-2021.10-x86_64-linux/gcc-arm-none-eabi-10.3-2021.10//arm-none-eabi/lib/thumb/v7-m/nofp/libc.a(lib_a-memset.o)
                0x000000000800d044                memset
 .text.__malloc_lock
                0x000000000800d0e8        0xc /home/bao/tool/gcc-arm-none-eabi-10.3-2021.10-x86_64-linux/gcc-arm-none-eabi-10.3-2021.10//arm-none-eabi/lib/thumb/v7-m/nofp/libc.a(lib_a-mlock.o)
                0x000000000800d0e8                __malloc_lock
 .text.__malloc_unlock
                0x000000000800d0f4        0xc /home/bao/tool/gcc-arm-none-eabi-10.3-2021.10-x86_64-linux/gcc-arm-none-eabi-10.3-2021.10//arm-none-eabi/lib/thumb/v7-m/nofp/libc.a(lib_a-mlock.o)