sources/app/screens/scr_idle.cpp:94:6:void view_scr_idle()	40	static
sources/app/screens/scr_idle.cpp:18:2:ball::ball()	8	static
/home/bao/tool/gcc-arm-none-eabi-10.3-2021.10-x86_64-linux/gcc-arm-none-eabi-10.3-2021.10/arm-none-eabi/include/c++/10.3.1/bits/vector.tcc:426:7:) [with _Args = {const ball&}; _Tp = ball; _Alloc = std::allocator<ball>]	48	static
/home/bao/tool/gcc-arm-none-eabi-10.3-2021.10-x86_64-linux/gcc-arm-none-eabi-10.3-2021.10/arm-none-eabi/include/c++/10.3.1/bits/stl_vector.h:1187:7:void std::vector<_Tp, _Alloc>::push_back(const value_type&) [with _Tp = ball; _Alloc = std::allocator<ball>]	24	static
sources/app/screens/scr_idle.cpp:100:6:void scr_idle_handle(ak_msg_t*)	80	static
sources/app/screens/scr_idle.cpp:171:1:cpp)	0	static
sources/app/screens/scr_idle.cpp:171:1:cpp)	0	static
